<?xml version="1.0"?>
<link_info>
   <banner>MSP430 Linker Unix v15.12.1.LTS</banner>
   <copyright>Copyright (c) 2003-2015 Texas Instruments Incorporated</copyright>
   <link_time>0x5787cdab</link_time>
   <link_errors>0x0</link_errors>
   <output_file>blinkLED_RTOS.out</output_file>
   <entry_point>
      <name>_c_int00_noargs_noexit</name>
      <address>0x8000</address>
   </entry_point>
   <input_file_list>
      <input_file id="fl-2">
         <path>./</path>
         <kind>object</kind>
         <file>croutine.obj</file>
         <name>croutine.obj</name>
      </input_file>
      <input_file id="fl-3">
         <path>./</path>
         <kind>object</kind>
         <file>event_groups.obj</file>
         <name>event_groups.obj</name>
      </input_file>
      <input_file id="fl-4">
         <path>./</path>
         <kind>object</kind>
         <file>heap_1.obj</file>
         <name>heap_1.obj</name>
      </input_file>
      <input_file id="fl-5">
         <path>./</path>
         <kind>object</kind>
         <file>list.obj</file>
         <name>list.obj</name>
      </input_file>
      <input_file id="fl-6">
         <path>./</path>
         <kind>object</kind>
         <file>main.obj</file>
         <name>main.obj</name>
      </input_file>
      <input_file id="fl-7">
         <path>./</path>
         <kind>object</kind>
         <file>port.obj</file>
         <name>port.obj</name>
      </input_file>
      <input_file id="fl-8">
         <path>./</path>
         <kind>object</kind>
         <file>portext.obj</file>
         <name>portext.obj</name>
      </input_file>
      <input_file id="fl-9">
         <path>./</path>
         <kind>object</kind>
         <file>queue.obj</file>
         <name>queue.obj</name>
      </input_file>
      <input_file id="fl-a">
         <path>./</path>
         <kind>object</kind>
         <file>tasks.obj</file>
         <name>tasks.obj</name>
      </input_file>
      <input_file id="fl-b">
         <path>./</path>
         <kind>object</kind>
         <file>timers.obj</file>
         <name>timers.obj</name>
      </input_file>
      <input_file id="fl-c">
         <path>./</path>
         <kind>object</kind>
         <file>uart.obj</file>
         <name>uart.obj</name>
      </input_file>
      <input_file id="fl-d">
         <path>./driverlib/MSP430F5xx_6xx/</path>
         <kind>object</kind>
         <file>adc10_a.obj</file>
         <name>adc10_a.obj</name>
      </input_file>
      <input_file id="fl-e">
         <path>./driverlib/MSP430F5xx_6xx/</path>
         <kind>object</kind>
         <file>adc12_a.obj</file>
         <name>adc12_a.obj</name>
      </input_file>
      <input_file id="fl-f">
         <path>./driverlib/MSP430F5xx_6xx/</path>
         <kind>object</kind>
         <file>aes.obj</file>
         <name>aes.obj</name>
      </input_file>
      <input_file id="fl-10">
         <path>./driverlib/MSP430F5xx_6xx/</path>
         <kind>object</kind>
         <file>battbak.obj</file>
         <name>battbak.obj</name>
      </input_file>
      <input_file id="fl-11">
         <path>./driverlib/MSP430F5xx_6xx/</path>
         <kind>object</kind>
         <file>comp_b.obj</file>
         <name>comp_b.obj</name>
      </input_file>
      <input_file id="fl-12">
         <path>./driverlib/MSP430F5xx_6xx/</path>
         <kind>object</kind>
         <file>crc.obj</file>
         <name>crc.obj</name>
      </input_file>
      <input_file id="fl-13">
         <path>./driverlib/MSP430F5xx_6xx/</path>
         <kind>object</kind>
         <file>ctsd16.obj</file>
         <name>ctsd16.obj</name>
      </input_file>
      <input_file id="fl-14">
         <path>./driverlib/MSP430F5xx_6xx/</path>
         <kind>object</kind>
         <file>dac12_a.obj</file>
         <name>dac12_a.obj</name>
      </input_file>
      <input_file id="fl-15">
         <path>./driverlib/MSP430F5xx_6xx/</path>
         <kind>object</kind>
         <file>dma.obj</file>
         <name>dma.obj</name>
      </input_file>
      <input_file id="fl-16">
         <path>./driverlib/MSP430F5xx_6xx/</path>
         <kind>object</kind>
         <file>eusci_a_spi.obj</file>
         <name>eusci_a_spi.obj</name>
      </input_file>
      <input_file id="fl-17">
         <path>./driverlib/MSP430F5xx_6xx/</path>
         <kind>object</kind>
         <file>eusci_a_uart.obj</file>
         <name>eusci_a_uart.obj</name>
      </input_file>
      <input_file id="fl-18">
         <path>./driverlib/MSP430F5xx_6xx/</path>
         <kind>object</kind>
         <file>eusci_b_i2c.obj</file>
         <name>eusci_b_i2c.obj</name>
      </input_file>
      <input_file id="fl-19">
         <path>./driverlib/MSP430F5xx_6xx/</path>
         <kind>object</kind>
         <file>eusci_b_spi.obj</file>
         <name>eusci_b_spi.obj</name>
      </input_file>
      <input_file id="fl-1a">
         <path>./driverlib/MSP430F5xx_6xx/</path>
         <kind>object</kind>
         <file>flashctl.obj</file>
         <name>flashctl.obj</name>
      </input_file>
      <input_file id="fl-1b">
         <path>./driverlib/MSP430F5xx_6xx/</path>
         <kind>object</kind>
         <file>gpio.obj</file>
         <name>gpio.obj</name>
      </input_file>
      <input_file id="fl-1c">
         <path>./driverlib/MSP430F5xx_6xx/</path>
         <kind>object</kind>
         <file>lcd_b.obj</file>
         <name>lcd_b.obj</name>
      </input_file>
      <input_file id="fl-1d">
         <path>./driverlib/MSP430F5xx_6xx/</path>
         <kind>object</kind>
         <file>ldopwr.obj</file>
         <name>ldopwr.obj</name>
      </input_file>
      <input_file id="fl-1e">
         <path>./driverlib/MSP430F5xx_6xx/</path>
         <kind>object</kind>
         <file>mpy32.obj</file>
         <name>mpy32.obj</name>
      </input_file>
      <input_file id="fl-1f">
         <path>./driverlib/MSP430F5xx_6xx/</path>
         <kind>object</kind>
         <file>oa.obj</file>
         <name>oa.obj</name>
      </input_file>
      <input_file id="fl-20">
         <path>./driverlib/MSP430F5xx_6xx/</path>
         <kind>object</kind>
         <file>pmap.obj</file>
         <name>pmap.obj</name>
      </input_file>
      <input_file id="fl-21">
         <path>./driverlib/MSP430F5xx_6xx/</path>
         <kind>object</kind>
         <file>pmm.obj</file>
         <name>pmm.obj</name>
      </input_file>
      <input_file id="fl-22">
         <path>./driverlib/MSP430F5xx_6xx/</path>
         <kind>object</kind>
         <file>ram.obj</file>
         <name>ram.obj</name>
      </input_file>
      <input_file id="fl-23">
         <path>./driverlib/MSP430F5xx_6xx/</path>
         <kind>object</kind>
         <file>ref.obj</file>
         <name>ref.obj</name>
      </input_file>
      <input_file id="fl-24">
         <path>./driverlib/MSP430F5xx_6xx/</path>
         <kind>object</kind>
         <file>rtc_a.obj</file>
         <name>rtc_a.obj</name>
      </input_file>
      <input_file id="fl-25">
         <path>./driverlib/MSP430F5xx_6xx/</path>
         <kind>object</kind>
         <file>rtc_b.obj</file>
         <name>rtc_b.obj</name>
      </input_file>
      <input_file id="fl-26">
         <path>./driverlib/MSP430F5xx_6xx/</path>
         <kind>object</kind>
         <file>rtc_c.obj</file>
         <name>rtc_c.obj</name>
      </input_file>
      <input_file id="fl-27">
         <path>./driverlib/MSP430F5xx_6xx/</path>
         <kind>object</kind>
         <file>sd24_b.obj</file>
         <name>sd24_b.obj</name>
      </input_file>
      <input_file id="fl-28">
         <path>./driverlib/MSP430F5xx_6xx/</path>
         <kind>object</kind>
         <file>sfr.obj</file>
         <name>sfr.obj</name>
      </input_file>
      <input_file id="fl-29">
         <path>./driverlib/MSP430F5xx_6xx/</path>
         <kind>object</kind>
         <file>sysctl.obj</file>
         <name>sysctl.obj</name>
      </input_file>
      <input_file id="fl-2a">
         <path>./driverlib/MSP430F5xx_6xx/</path>
         <kind>object</kind>
         <file>tec.obj</file>
         <name>tec.obj</name>
      </input_file>
      <input_file id="fl-2b">
         <path>./driverlib/MSP430F5xx_6xx/</path>
         <kind>object</kind>
         <file>timer_a.obj</file>
         <name>timer_a.obj</name>
      </input_file>
      <input_file id="fl-2c">
         <path>./driverlib/MSP430F5xx_6xx/</path>
         <kind>object</kind>
         <file>timer_b.obj</file>
         <name>timer_b.obj</name>
      </input_file>
      <input_file id="fl-2d">
         <path>./driverlib/MSP430F5xx_6xx/</path>
         <kind>object</kind>
         <file>timer_d.obj</file>
         <name>timer_d.obj</name>
      </input_file>
      <input_file id="fl-2e">
         <path>./driverlib/MSP430F5xx_6xx/</path>
         <kind>object</kind>
         <file>tlv.obj</file>
         <name>tlv.obj</name>
      </input_file>
      <input_file id="fl-2f">
         <path>./driverlib/MSP430F5xx_6xx/</path>
         <kind>object</kind>
         <file>ucs.obj</file>
         <name>ucs.obj</name>
      </input_file>
      <input_file id="fl-30">
         <path>./driverlib/MSP430F5xx_6xx/</path>
         <kind>object</kind>
         <file>usci_a_spi.obj</file>
         <name>usci_a_spi.obj</name>
      </input_file>
      <input_file id="fl-31">
         <path>./driverlib/MSP430F5xx_6xx/</path>
         <kind>object</kind>
         <file>usci_a_uart.obj</file>
         <name>usci_a_uart.obj</name>
      </input_file>
      <input_file id="fl-32">
         <path>./driverlib/MSP430F5xx_6xx/</path>
         <kind>object</kind>
         <file>usci_b_i2c.obj</file>
         <name>usci_b_i2c.obj</name>
      </input_file>
      <input_file id="fl-33">
         <path>./driverlib/MSP430F5xx_6xx/</path>
         <kind>object</kind>
         <file>usci_b_spi.obj</file>
         <name>usci_b_spi.obj</name>
      </input_file>
      <input_file id="fl-34">
         <path>./driverlib/MSP430F5xx_6xx/</path>
         <kind>object</kind>
         <file>wdt_a.obj</file>
         <name>wdt_a.obj</name>
      </input_file>
      <input_file id="fl-55">
         <path>/code/sdk/ti/ccsv6/tools/compiler/ti-cgt-msp430_15.12.1.LTS/lib/</path>
         <kind>archive</kind>
         <file>rts430x_lc_rd_eabi.lib</file>
         <name>boot.obj</name>
      </input_file>
      <input_file id="fl-56">
         <path>/code/sdk/ti/ccsv6/tools/compiler/ti-cgt-msp430_15.12.1.LTS/lib/</path>
         <kind>archive</kind>
         <file>rts430x_lc_rd_eabi.lib</file>
         <name>boot_special.obj</name>
      </input_file>
      <input_file id="fl-57">
         <path>/code/sdk/ti/ccsv6/tools/compiler/ti-cgt-msp430_15.12.1.LTS/lib/</path>
         <kind>archive</kind>
         <file>rts430x_lc_rd_eabi.lib</file>
         <name>copy_decompress_none.obj</name>
      </input_file>
      <input_file id="fl-58">
         <path>/code/sdk/ti/ccsv6/tools/compiler/ti-cgt-msp430_15.12.1.LTS/lib/</path>
         <kind>archive</kind>
         <file>rts430x_lc_rd_eabi.lib</file>
         <name>copy_decompress_rle.obj</name>
      </input_file>
      <input_file id="fl-59">
         <path>/code/sdk/ti/ccsv6/tools/compiler/ti-cgt-msp430_15.12.1.LTS/lib/</path>
         <kind>archive</kind>
         <file>rts430x_lc_rd_eabi.lib</file>
         <name>copy_zero_init.obj</name>
      </input_file>
      <input_file id="fl-5a">
         <path>/code/sdk/ti/ccsv6/tools/compiler/ti-cgt-msp430_15.12.1.LTS/lib/</path>
         <kind>archive</kind>
         <file>rts430x_lc_rd_eabi.lib</file>
         <name>div16s.obj</name>
      </input_file>
      <input_file id="fl-5b">
         <path>/code/sdk/ti/ccsv6/tools/compiler/ti-cgt-msp430_15.12.1.LTS/lib/</path>
         <kind>archive</kind>
         <file>rts430x_lc_rd_eabi.lib</file>
         <name>div16u.obj</name>
      </input_file>
      <input_file id="fl-5c">
         <path>/code/sdk/ti/ccsv6/tools/compiler/ti-cgt-msp430_15.12.1.LTS/lib/</path>
         <kind>archive</kind>
         <file>rts430x_lc_rd_eabi.lib</file>
         <name>div32s.obj</name>
      </input_file>
      <input_file id="fl-5d">
         <path>/code/sdk/ti/ccsv6/tools/compiler/ti-cgt-msp430_15.12.1.LTS/lib/</path>
         <kind>archive</kind>
         <file>rts430x_lc_rd_eabi.lib</file>
         <name>div32u.obj</name>
      </input_file>
      <input_file id="fl-5e">
         <path>/code/sdk/ti/ccsv6/tools/compiler/ti-cgt-msp430_15.12.1.LTS/lib/</path>
         <kind>archive</kind>
         <file>rts430x_lc_rd_eabi.lib</file>
         <name>exit.obj</name>
      </input_file>
      <input_file id="fl-5f">
         <path>/code/sdk/ti/ccsv6/tools/compiler/ti-cgt-msp430_15.12.1.LTS/lib/</path>
         <kind>archive</kind>
         <file>rts430x_lc_rd_eabi.lib</file>
         <name>exit_gvars.obj</name>
      </input_file>
      <input_file id="fl-60">
         <path>/code/sdk/ti/ccsv6/tools/compiler/ti-cgt-msp430_15.12.1.LTS/lib/</path>
         <kind>archive</kind>
         <file>rts430x_lc_rd_eabi.lib</file>
         <name>int35.obj</name>
      </input_file>
      <input_file id="fl-61">
         <path>/code/sdk/ti/ccsv6/tools/compiler/ti-cgt-msp430_15.12.1.LTS/lib/</path>
         <kind>archive</kind>
         <file>rts430x_lc_rd_eabi.lib</file>
         <name>int36.obj</name>
      </input_file>
      <input_file id="fl-62">
         <path>/code/sdk/ti/ccsv6/tools/compiler/ti-cgt-msp430_15.12.1.LTS/lib/</path>
         <kind>archive</kind>
         <file>rts430x_lc_rd_eabi.lib</file>
         <name>int37.obj</name>
      </input_file>
      <input_file id="fl-63">
         <path>/code/sdk/ti/ccsv6/tools/compiler/ti-cgt-msp430_15.12.1.LTS/lib/</path>
         <kind>archive</kind>
         <file>rts430x_lc_rd_eabi.lib</file>
         <name>int38.obj</name>
      </input_file>
      <input_file id="fl-64">
         <path>/code/sdk/ti/ccsv6/tools/compiler/ti-cgt-msp430_15.12.1.LTS/lib/</path>
         <kind>archive</kind>
         <file>rts430x_lc_rd_eabi.lib</file>
         <name>int39.obj</name>
      </input_file>
      <input_file id="fl-65">
         <path>/code/sdk/ti/ccsv6/tools/compiler/ti-cgt-msp430_15.12.1.LTS/lib/</path>
         <kind>archive</kind>
         <file>rts430x_lc_rd_eabi.lib</file>
         <name>int40.obj</name>
      </input_file>
      <input_file id="fl-66">
         <path>/code/sdk/ti/ccsv6/tools/compiler/ti-cgt-msp430_15.12.1.LTS/lib/</path>
         <kind>archive</kind>
         <file>rts430x_lc_rd_eabi.lib</file>
         <name>int41.obj</name>
      </input_file>
      <input_file id="fl-67">
         <path>/code/sdk/ti/ccsv6/tools/compiler/ti-cgt-msp430_15.12.1.LTS/lib/</path>
         <kind>archive</kind>
         <file>rts430x_lc_rd_eabi.lib</file>
         <name>int42.obj</name>
      </input_file>
      <input_file id="fl-68">
         <path>/code/sdk/ti/ccsv6/tools/compiler/ti-cgt-msp430_15.12.1.LTS/lib/</path>
         <kind>archive</kind>
         <file>rts430x_lc_rd_eabi.lib</file>
         <name>int43.obj</name>
      </input_file>
      <input_file id="fl-69">
         <path>/code/sdk/ti/ccsv6/tools/compiler/ti-cgt-msp430_15.12.1.LTS/lib/</path>
         <kind>archive</kind>
         <file>rts430x_lc_rd_eabi.lib</file>
         <name>int44.obj</name>
      </input_file>
      <input_file id="fl-6a">
         <path>/code/sdk/ti/ccsv6/tools/compiler/ti-cgt-msp430_15.12.1.LTS/lib/</path>
         <kind>archive</kind>
         <file>rts430x_lc_rd_eabi.lib</file>
         <name>int45.obj</name>
      </input_file>
      <input_file id="fl-6b">
         <path>/code/sdk/ti/ccsv6/tools/compiler/ti-cgt-msp430_15.12.1.LTS/lib/</path>
         <kind>archive</kind>
         <file>rts430x_lc_rd_eabi.lib</file>
         <name>int46.obj</name>
      </input_file>
      <input_file id="fl-6c">
         <path>/code/sdk/ti/ccsv6/tools/compiler/ti-cgt-msp430_15.12.1.LTS/lib/</path>
         <kind>archive</kind>
         <file>rts430x_lc_rd_eabi.lib</file>
         <name>int47.obj</name>
      </input_file>
      <input_file id="fl-6d">
         <path>/code/sdk/ti/ccsv6/tools/compiler/ti-cgt-msp430_15.12.1.LTS/lib/</path>
         <kind>archive</kind>
         <file>rts430x_lc_rd_eabi.lib</file>
         <name>int48.obj</name>
      </input_file>
      <input_file id="fl-6e">
         <path>/code/sdk/ti/ccsv6/tools/compiler/ti-cgt-msp430_15.12.1.LTS/lib/</path>
         <kind>archive</kind>
         <file>rts430x_lc_rd_eabi.lib</file>
         <name>int49.obj</name>
      </input_file>
      <input_file id="fl-6f">
         <path>/code/sdk/ti/ccsv6/tools/compiler/ti-cgt-msp430_15.12.1.LTS/lib/</path>
         <kind>archive</kind>
         <file>rts430x_lc_rd_eabi.lib</file>
         <name>int50.obj</name>
      </input_file>
      <input_file id="fl-70">
         <path>/code/sdk/ti/ccsv6/tools/compiler/ti-cgt-msp430_15.12.1.LTS/lib/</path>
         <kind>archive</kind>
         <file>rts430x_lc_rd_eabi.lib</file>
         <name>int51.obj</name>
      </input_file>
      <input_file id="fl-71">
         <path>/code/sdk/ti/ccsv6/tools/compiler/ti-cgt-msp430_15.12.1.LTS/lib/</path>
         <kind>archive</kind>
         <file>rts430x_lc_rd_eabi.lib</file>
         <name>int52.obj</name>
      </input_file>
      <input_file id="fl-72">
         <path>/code/sdk/ti/ccsv6/tools/compiler/ti-cgt-msp430_15.12.1.LTS/lib/</path>
         <kind>archive</kind>
         <file>rts430x_lc_rd_eabi.lib</file>
         <name>int54.obj</name>
      </input_file>
      <input_file id="fl-73">
         <path>/code/sdk/ti/ccsv6/tools/compiler/ti-cgt-msp430_15.12.1.LTS/lib/</path>
         <kind>archive</kind>
         <file>rts430x_lc_rd_eabi.lib</file>
         <name>int55.obj</name>
      </input_file>
      <input_file id="fl-74">
         <path>/code/sdk/ti/ccsv6/tools/compiler/ti-cgt-msp430_15.12.1.LTS/lib/</path>
         <kind>archive</kind>
         <file>rts430x_lc_rd_eabi.lib</file>
         <name>int56.obj</name>
      </input_file>
      <input_file id="fl-75">
         <path>/code/sdk/ti/ccsv6/tools/compiler/ti-cgt-msp430_15.12.1.LTS/lib/</path>
         <kind>archive</kind>
         <file>rts430x_lc_rd_eabi.lib</file>
         <name>int57.obj</name>
      </input_file>
      <input_file id="fl-76">
         <path>/code/sdk/ti/ccsv6/tools/compiler/ti-cgt-msp430_15.12.1.LTS/lib/</path>
         <kind>archive</kind>
         <file>rts430x_lc_rd_eabi.lib</file>
         <name>int58.obj</name>
      </input_file>
      <input_file id="fl-77">
         <path>/code/sdk/ti/ccsv6/tools/compiler/ti-cgt-msp430_15.12.1.LTS/lib/</path>
         <kind>archive</kind>
         <file>rts430x_lc_rd_eabi.lib</file>
         <name>int59.obj</name>
      </input_file>
      <input_file id="fl-78">
         <path>/code/sdk/ti/ccsv6/tools/compiler/ti-cgt-msp430_15.12.1.LTS/lib/</path>
         <kind>archive</kind>
         <file>rts430x_lc_rd_eabi.lib</file>
         <name>int60.obj</name>
      </input_file>
      <input_file id="fl-79">
         <path>/code/sdk/ti/ccsv6/tools/compiler/ti-cgt-msp430_15.12.1.LTS/lib/</path>
         <kind>archive</kind>
         <file>rts430x_lc_rd_eabi.lib</file>
         <name>int61.obj</name>
      </input_file>
      <input_file id="fl-7a">
         <path>/code/sdk/ti/ccsv6/tools/compiler/ti-cgt-msp430_15.12.1.LTS/lib/</path>
         <kind>archive</kind>
         <file>rts430x_lc_rd_eabi.lib</file>
         <name>int62.obj</name>
      </input_file>
      <input_file id="fl-7b">
         <path>/code/sdk/ti/ccsv6/tools/compiler/ti-cgt-msp430_15.12.1.LTS/lib/</path>
         <kind>archive</kind>
         <file>rts430x_lc_rd_eabi.lib</file>
         <name>isr_trap.obj</name>
      </input_file>
      <input_file id="fl-7c">
         <path>/code/sdk/ti/ccsv6/tools/compiler/ti-cgt-msp430_15.12.1.LTS/lib/</path>
         <kind>archive</kind>
         <file>rts430x_lc_rd_eabi.lib</file>
         <name>lsl16.obj</name>
      </input_file>
      <input_file id="fl-7d">
         <path>/code/sdk/ti/ccsv6/tools/compiler/ti-cgt-msp430_15.12.1.LTS/lib/</path>
         <kind>archive</kind>
         <file>rts430x_lc_rd_eabi.lib</file>
         <name>lsr16.obj</name>
      </input_file>
      <input_file id="fl-7e">
         <path>/code/sdk/ti/ccsv6/tools/compiler/ti-cgt-msp430_15.12.1.LTS/lib/</path>
         <kind>archive</kind>
         <file>rts430x_lc_rd_eabi.lib</file>
         <name>memcpy.obj</name>
      </input_file>
      <input_file id="fl-7f">
         <path>/code/sdk/ti/ccsv6/tools/compiler/ti-cgt-msp430_15.12.1.LTS/lib/</path>
         <kind>archive</kind>
         <file>rts430x_lc_rd_eabi.lib</file>
         <name>mpu_init.obj</name>
      </input_file>
      <input_file id="fl-80">
         <path>/code/sdk/ti/ccsv6/tools/compiler/ti-cgt-msp430_15.12.1.LTS/lib/</path>
         <kind>archive</kind>
         <file>rts430x_lc_rd_eabi.lib</file>
         <name>mult16.obj</name>
      </input_file>
      <input_file id="fl-81">
         <path>/code/sdk/ti/ccsv6/tools/compiler/ti-cgt-msp430_15.12.1.LTS/lib/</path>
         <kind>archive</kind>
         <file>rts430x_lc_rd_eabi.lib</file>
         <name>mult1632_f5hw.obj</name>
      </input_file>
      <input_file id="fl-82">
         <path>/code/sdk/ti/ccsv6/tools/compiler/ti-cgt-msp430_15.12.1.LTS/lib/</path>
         <kind>archive</kind>
         <file>rts430x_lc_rd_eabi.lib</file>
         <name>mult16_f5hw.obj</name>
      </input_file>
      <input_file id="fl-83">
         <path>/code/sdk/ti/ccsv6/tools/compiler/ti-cgt-msp430_15.12.1.LTS/lib/</path>
         <kind>archive</kind>
         <file>rts430x_lc_rd_eabi.lib</file>
         <name>mult32.obj</name>
      </input_file>
      <input_file id="fl-84">
         <path>/code/sdk/ti/ccsv6/tools/compiler/ti-cgt-msp430_15.12.1.LTS/lib/</path>
         <kind>archive</kind>
         <file>rts430x_lc_rd_eabi.lib</file>
         <name>mult3264_f5hw.obj</name>
      </input_file>
      <input_file id="fl-85">
         <path>/code/sdk/ti/ccsv6/tools/compiler/ti-cgt-msp430_15.12.1.LTS/lib/</path>
         <kind>archive</kind>
         <file>rts430x_lc_rd_eabi.lib</file>
         <name>mult32_f5hw.obj</name>
      </input_file>
      <input_file id="fl-86">
         <path>/code/sdk/ti/ccsv6/tools/compiler/ti-cgt-msp430_15.12.1.LTS/lib/</path>
         <kind>archive</kind>
         <file>rts430x_lc_rd_eabi.lib</file>
         <name>mult64_f5hw.obj</name>
      </input_file>
      <input_file id="fl-87">
         <path>/code/sdk/ti/ccsv6/tools/compiler/ti-cgt-msp430_15.12.1.LTS/lib/</path>
         <kind>archive</kind>
         <file>rts430x_lc_rd_eabi.lib</file>
         <name>pre_init.obj</name>
      </input_file>
      <input_file id="fl-88">
         <path>/code/sdk/ti/ccsv6/tools/compiler/ti-cgt-msp430_15.12.1.LTS/lib/</path>
         <kind>archive</kind>
         <file>rts430x_lc_rd_eabi.lib</file>
         <name>_lock.obj</name>
      </input_file>
      <input_file id="fl-89">
         <path>/code/sdk/ti/ccsv6/tools/compiler/ti-cgt-msp430_15.12.1.LTS/lib/</path>
         <kind>archive</kind>
         <file>rts430x_lc_rd_eabi.lib</file>
         <name>args_main.obj</name>
      </input_file>
      <input_file id="fl-8a">
         <path>/code/sdk/ti/ccsv6/tools/compiler/ti-cgt-msp430_15.12.1.LTS/lib/</path>
         <kind>archive</kind>
         <file>rts430x_lc_rd_eabi.lib</file>
         <name>autoinit_wdt.obj</name>
      </input_file>
      <input_file id="fl-8b">
         <path>/code/sdk/ti/ccsv6/tools/compiler/ti-cgt-msp430_15.12.1.LTS/lib/</path>
         <kind>archive</kind>
         <file>rts430x_lc_rd_eabi.lib</file>
         <name>cpy_tbl.obj</name>
      </input_file>
      <input_file id="fl-8c">
         <path>/code/sdk/ti/ccsv6/tools/compiler/ti-cgt-msp430_15.12.1.LTS/lib/</path>
         <kind>archive</kind>
         <file>rts430x_lc_rd_eabi.lib</file>
         <name>startup.obj</name>
      </input_file>
   </input_file_list>
   <object_component_list>
      <object_component id="oc-69a">
         <name>.bss:ucHeap</name>
         <uninitialized>true</uninitialized>
         <run_address>0x2400</run_address>
         <size>0x1c00</size>
         <input_file_ref idref="fl-4"/>
      </object_component>
      <object_component id="oc-658">
         <name>.bss:pxReadyTasksLists</name>
         <uninitialized>true</uninitialized>
         <run_address>0x4000</run_address>
         <size>0x50</size>
         <input_file_ref idref="fl-a"/>
      </object_component>
      <object_component id="oc-715">
         <name>.bss:xDelayedTaskList1</name>
         <uninitialized>true</uninitialized>
         <run_address>0x4070</run_address>
         <size>0x10</size>
         <input_file_ref idref="fl-a"/>
      </object_component>
      <object_component id="oc-718">
         <name>.bss:xDelayedTaskList2</name>
         <uninitialized>true</uninitialized>
         <run_address>0x4080</run_address>
         <size>0x10</size>
         <input_file_ref idref="fl-a"/>
      </object_component>
      <object_component id="oc-649">
         <name>.bss</name>
         <uninitialized>true</uninitialized>
         <run_address>0x40b0</run_address>
         <size>0x8</size>
         <input_file_ref idref="fl-a"/>
      </object_component>
      <object_component id="oc-703">
         <name>.bss:xPendingReadyList</name>
         <uninitialized>true</uninitialized>
         <run_address>0x4090</run_address>
         <size>0x10</size>
         <input_file_ref idref="fl-a"/>
      </object_component>
      <object_component id="oc-6ff">
         <name>.bss:xSuspendedTaskList</name>
         <uninitialized>true</uninitialized>
         <run_address>0x40a0</run_address>
         <size>0x10</size>
         <input_file_ref idref="fl-a"/>
      </object_component>
      <object_component id="oc-71c">
         <name>.bss:xActiveTimerList1</name>
         <uninitialized>true</uninitialized>
         <run_address>0x4050</run_address>
         <size>0x10</size>
         <input_file_ref idref="fl-b"/>
      </object_component>
      <object_component id="oc-71f">
         <name>.bss:xActiveTimerList2</name>
         <uninitialized>true</uninitialized>
         <run_address>0x4060</run_address>
         <size>0x10</size>
         <input_file_ref idref="fl-b"/>
      </object_component>
      <object_component id="oc-722">
         <name>.bss</name>
         <uninitialized>true</uninitialized>
         <run_address>0x40b8</run_address>
         <size>0x8</size>
         <input_file_ref idref="fl-b"/>
      </object_component>
      <object_component id="oc-549">
         <name>.common:blink_p5_4</name>
         <uninitialized>true</uninitialized>
         <run_address>0x40c4</run_address>
         <size>0x4</size>
      </object_component>
      <object_component id="oc-559">
         <name>.common:blink_p1_7</name>
         <uninitialized>true</uninitialized>
         <run_address>0x40c0</run_address>
         <size>0x4</size>
      </object_component>
      <object_component id="oc-560">
         <name>.common:printTask</name>
         <uninitialized>true</uninitialized>
         <run_address>0x40c8</run_address>
         <size>0x4</size>
      </object_component>
      <object_component id="oc-697">
         <name>.data</name>
         <load_address>0x40f2</load_address>
         <run_address>0x40f2</run_address>
         <size>0x6</size>
         <input_file_ref idref="fl-4"/>
      </object_component>
      <object_component id="oc-576">
         <name>.data</name>
         <load_address>0x40f8</load_address>
         <run_address>0x40f8</run_address>
         <size>0x2</size>
         <input_file_ref idref="fl-7"/>
      </object_component>
      <object_component id="oc-579">
         <name>.data</name>
         <load_address>0x40cc</load_address>
         <run_address>0x40cc</run_address>
         <size>0x1c</size>
         <input_file_ref idref="fl-a"/>
      </object_component>
      <object_component id="oc-6c7">
         <name>.data</name>
         <load_address>0x40e8</load_address>
         <run_address>0x40e8</run_address>
         <size>0xa</size>
         <input_file_ref idref="fl-b"/>
      </object_component>
      <object_component id="oc-496">
         <name>.stack</name>
         <uninitialized>true</uninitialized>
         <run_address>0x6360</run_address>
         <size>0x4</size>
         <input_file_ref idref="fl-55"/>
      </object_component>
      <object_component id="oc-891">
         <name>.stack</name>
         <uninitialized>true</uninitialized>
         <run_address>0x6360</run_address>
         <size>0x0</size>
      </object_component>
      <object_component id="oc-788">
         <name>.text:xQueueGenericReceive</name>
         <load_address>0x10000</load_address>
         <run_address>0x10000</run_address>
         <size>0x1d2</size>
         <input_file_ref idref="fl-9"/>
      </object_component>
      <object_component id="oc-7be">
         <name>.text:xQueueGenericSend</name>
         <load_address>0x101d2</load_address>
         <run_address>0x101d2</run_address>
         <size>0x180</size>
         <input_file_ref idref="fl-9"/>
      </object_component>
      <object_component id="oc-57c">
         <name>.text:xTaskIncrementTick</name>
         <load_address>0x10352</load_address>
         <run_address>0x10352</run_address>
         <size>0xe6</size>
         <input_file_ref idref="fl-a"/>
      </object_component>
      <object_component id="oc-742">
         <name>.text:prvProcessReceivedCommands</name>
         <load_address>0x10438</load_address>
         <run_address>0x10438</run_address>
         <size>0xdc</size>
         <input_file_ref idref="fl-b"/>
      </object_component>
      <object_component id="oc-690">
         <name>.text:xTaskResumeAll</name>
         <load_address>0x10514</load_address>
         <run_address>0x10514</run_address>
         <size>0xd0</size>
         <input_file_ref idref="fl-a"/>
      </object_component>
      <object_component id="oc-626">
         <name>.text:prvInitialiseNewTask</name>
         <load_address>0x105e4</load_address>
         <run_address>0x105e4</run_address>
         <size>0xca</size>
         <input_file_ref idref="fl-a"/>
      </object_component>
      <object_component id="oc-78f">
         <name>.text:xQueueGenericReset</name>
         <load_address>0x106ae</load_address>
         <run_address>0x106ae</run_address>
         <size>0xae</size>
         <input_file_ref idref="fl-9"/>
      </object_component>
      <object_component id="oc-513">
         <name>.text</name>
         <load_address>0x1075c</load_address>
         <run_address>0x1075c</run_address>
         <size>0xa6</size>
         <input_file_ref idref="fl-8"/>
      </object_component>
      <object_component id="oc-80e">
         <name>.text:prvCopyDataToQueue</name>
         <load_address>0x10802</load_address>
         <run_address>0x10802</run_address>
         <size>0xa2</size>
         <input_file_ref idref="fl-9"/>
      </object_component>
      <object_component id="oc-7af">
         <name>.text:prvUnlockQueue</name>
         <load_address>0x108a4</load_address>
         <run_address>0x108a4</run_address>
         <size>0xa0</size>
         <input_file_ref idref="fl-9"/>
      </object_component>
      <object_component id="oc-62c">
         <name>.text:prvAddNewTaskToReadyList</name>
         <load_address>0x10944</load_address>
         <run_address>0x10944</run_address>
         <size>0x94</size>
         <input_file_ref idref="fl-a"/>
      </object_component>
      <object_component id="oc-7a3">
         <name>.text:prvSwitchTimerLists</name>
         <load_address>0x109d8</load_address>
         <run_address>0x109d8</run_address>
         <size>0x86</size>
         <input_file_ref idref="fl-b"/>
      </object_component>
      <object_component id="oc-4cc">
         <name>.text:_auto_init_hold_wdt</name>
         <load_address>0x10a5e</load_address>
         <run_address>0x10a5e</run_address>
         <size>0x82</size>
         <input_file_ref idref="fl-8a"/>
      </object_component>
      <object_component id="oc-7c4">
         <name>.text:xQueueGenericSendFromISR</name>
         <load_address>0x10ae0</load_address>
         <run_address>0x10ae0</run_address>
         <size>0x82</size>
         <input_file_ref idref="fl-9"/>
      </object_component>
      <object_component id="oc-7d1">
         <name>.text:vTaskPriorityInherit</name>
         <load_address>0x10b62</load_address>
         <run_address>0x10b62</run_address>
         <size>0x80</size>
         <input_file_ref idref="fl-a"/>
      </object_component>
      <object_component id="oc-553">
         <name>.text:xTaskCreate</name>
         <load_address>0x10be2</load_address>
         <run_address>0x10be2</run_address>
         <size>0x80</size>
         <input_file_ref idref="fl-a"/>
      </object_component>
      <object_component id="oc-820">
         <name>.text:xTaskPriorityDisinherit</name>
         <load_address>0x10c62</load_address>
         <run_address>0x10c62</run_address>
         <size>0x80</size>
         <input_file_ref idref="fl-a"/>
      </object_component>
      <object_component id="oc-7f5">
         <name>.text:xTaskRemoveFromEventList</name>
         <load_address>0x10ce2</load_address>
         <run_address>0x10ce2</run_address>
         <size>0x7e</size>
         <input_file_ref idref="fl-a"/>
      </object_component>
      <object_component id="oc-7e3">
         <name>.text:xTaskCheckForTimeOut</name>
         <load_address>0x10d60</load_address>
         <run_address>0x10d60</run_address>
         <size>0x78</size>
         <input_file_ref idref="fl-a"/>
      </object_component>
      <object_component id="oc-782">
         <name>.text:xTimerGenericCommand</name>
         <load_address>0x10dd8</load_address>
         <run_address>0x10dd8</run_address>
         <size>0x76</size>
         <input_file_ref idref="fl-b"/>
      </object_component>
      <object_component id="oc-68a">
         <name>.text:prvAddCurrentTaskToDelayedList</name>
         <load_address>0x10e4e</load_address>
         <run_address>0x10e4e</run_address>
         <size>0x6e</size>
         <input_file_ref idref="fl-a"/>
      </object_component>
      <object_component id="oc-582">
         <name>.text:vTaskSwitchContext</name>
         <load_address>0x10ebc</load_address>
         <run_address>0x10ebc</run_address>
         <size>0x6e</size>
         <input_file_ref idref="fl-a"/>
      </object_component>
      <object_component id="oc-4e6">
         <name>.text:main</name>
         <load_address>0x10f2a</load_address>
         <run_address>0x10f2a</run_address>
         <size>0x6c</size>
         <input_file_ref idref="fl-6"/>
      </object_component>
      <object_component id="oc-4a7">
         <name>.text:__TI_decompress_rle_core</name>
         <load_address>0x10f96</load_address>
         <run_address>0x10f96</run_address>
         <size>0x68</size>
         <input_file_ref idref="fl-58"/>
      </object_component>
      <object_component id="oc-73c">
         <name>.text:prvProcessTimerOrBlockTask</name>
         <load_address>0x10ffe</load_address>
         <run_address>0x10ffe</run_address>
         <size>0x68</size>
         <input_file_ref idref="fl-b"/>
      </object_component>
      <object_component id="oc-51c">
         <name>.text:copy_in</name>
         <load_address>0x11066</load_address>
         <run_address>0x11066</run_address>
         <size>0x66</size>
         <input_file_ref idref="fl-8b"/>
      </object_component>
      <object_component id="oc-775">
         <name>.text:prvProcessExpiredTimer</name>
         <load_address>0x110cc</load_address>
         <run_address>0x110cc</run_address>
         <size>0x64</size>
         <input_file_ref idref="fl-b"/>
      </object_component>
      <object_component id="oc-61a">
         <name>.text:pvPortMalloc</name>
         <load_address>0x11130</load_address>
         <run_address>0x11130</run_address>
         <size>0x5c</size>
         <input_file_ref idref="fl-4"/>
      </object_component>
      <object_component id="oc-6c1">
         <name>.text:prvCheckForValidListAndQueue</name>
         <load_address>0x1118c</load_address>
         <run_address>0x1118c</run_address>
         <size>0x58</size>
         <input_file_ref idref="fl-b"/>
      </object_component>
      <object_component id="oc-679">
         <name>.text:uart_set_baudrate</name>
         <load_address>0x111e4</load_address>
         <run_address>0x111e4</run_address>
         <size>0x58</size>
         <input_file_ref idref="fl-c"/>
      </object_component>
      <object_component id="oc-567">
         <name>.text:vTaskStartScheduler</name>
         <load_address>0x1123c</load_address>
         <run_address>0x1123c</run_address>
         <size>0x56</size>
         <input_file_ref idref="fl-a"/>
      </object_component>
      <object_component id="oc-6b2">
         <name>.text:prvInitialiseTaskLists</name>
         <load_address>0x11292</load_address>
         <run_address>0x11292</run_address>
         <size>0x52</size>
         <input_file_ref idref="fl-a"/>
      </object_component>
      <object_component id="oc-725">
         <name>.text:xQueueGenericCreate</name>
         <load_address>0x112e4</load_address>
         <run_address>0x112e4</run_address>
         <size>0x52</size>
         <input_file_ref idref="fl-9"/>
      </object_component>
      <object_component id="oc-543">
         <name>.text:prvSetupHardware</name>
         <load_address>0x11336</load_address>
         <run_address>0x11336</run_address>
         <size>0x4e</size>
         <input_file_ref idref="fl-6"/>
      </object_component>
      <object_component id="oc-76f">
         <name>.text:vQueueWaitForMessageRestricted</name>
         <load_address>0x11384</load_address>
         <run_address>0x11384</run_address>
         <size>0x4e</size>
         <input_file_ref idref="fl-9"/>
      </object_component>
      <object_component id="oc-63d">
         <name>.text:xTimerCreateTimerTask</name>
         <load_address>0x113d2</load_address>
         <run_address>0x113d2</run_address>
         <size>0x4e</size>
         <input_file_ref idref="fl-b"/>
      </object_component>
      <object_component id="oc-77c">
         <name>.text:prvInsertTimerInActiveList</name>
         <load_address>0x11420</load_address>
         <run_address>0x11420</run_address>
         <size>0x4c</size>
         <input_file_ref idref="fl-b"/>
      </object_component>
      <object_component id="oc-55a">
         <name>.text:vBlink_P1_7</name>
         <load_address>0x1146c</load_address>
         <run_address>0x1146c</run_address>
         <size>0x40</size>
         <input_file_ref idref="fl-6"/>
      </object_component>
      <object_component id="oc-54c">
         <name>.text:vBlink_P5_4</name>
         <load_address>0x114ac</load_address>
         <run_address>0x114ac</run_address>
         <size>0x40</size>
         <input_file_ref idref="fl-6"/>
      </object_component>
      <object_component id="oc-6f9">
         <name>.text:vListInsert</name>
         <load_address>0x114ec</load_address>
         <run_address>0x114ec</run_address>
         <size>0x40</size>
         <input_file_ref idref="fl-5"/>
      </object_component>
      <object_component id="oc-561">
         <name>.text:vPrintTask</name>
         <load_address>0x1152c</load_address>
         <run_address>0x1152c</run_address>
         <size>0x40</size>
         <input_file_ref idref="fl-6"/>
      </object_component>
      <object_component id="oc-5c4">
         <name>.text:vSetupClock</name>
         <load_address>0x1156c</load_address>
         <run_address>0x1156c</run_address>
         <size>0x3c</size>
         <input_file_ref idref="fl-6"/>
      </object_component>
      <object_component id="oc-652">
         <name>.text:uxListRemove</name>
         <load_address>0x115a8</load_address>
         <run_address>0x115a8</run_address>
         <size>0x3a</size>
         <input_file_ref idref="fl-5"/>
      </object_component>
      <object_component id="oc-613">
         <name>.text:vTaskDelay</name>
         <load_address>0x115e2</load_address>
         <run_address>0x115e2</run_address>
         <size>0x36</size>
         <input_file_ref idref="fl-a"/>
      </object_component>
      <object_component id="oc-7a9">
         <name>.text:vTaskPlaceOnEventListRestricted</name>
         <load_address>0x11618</load_address>
         <run_address>0x11618</run_address>
         <size>0x34</size>
         <input_file_ref idref="fl-a"/>
      </object_component>
      <object_component id="oc-7e9">
         <name>.text:prvCopyDataFromQueue</name>
         <load_address>0x1164c</load_address>
         <run_address>0x1164c</run_address>
         <size>0x32</size>
         <input_file_ref idref="fl-9"/>
      </object_component>
      <object_component id="oc-808">
         <name>.text:prvIsQueueFull</name>
         <load_address>0x1167e</load_address>
         <run_address>0x1167e</run_address>
         <size>0x2e</size>
         <input_file_ref idref="fl-9"/>
      </object_component>
      <object_component id="oc-7cb">
         <name>.text:prvIsQueueEmpty</name>
         <load_address>0x116ac</load_address>
         <run_address>0x116ac</run_address>
         <size>0x2c</size>
         <input_file_ref idref="fl-9"/>
      </object_component>
      <object_component id="oc-7d7">
         <name>.text:vTaskPlaceOnEventList</name>
         <load_address>0x116d8</load_address>
         <run_address>0x116d8</run_address>
         <size>0x2c</size>
         <input_file_ref idref="fl-a"/>
      </object_component>
      <object_component id="oc-5ca">
         <name>.text:GPIO_setAsOutputPin</name>
         <load_address>0x11704</load_address>
         <run_address>0x11704</run_address>
         <size>0x28</size>
         <input_file_ref idref="fl-1b"/>
      </object_component>
      <object_component id="oc-736">
         <name>.text:prvGetNextExpireTime</name>
         <load_address>0x1172c</load_address>
         <run_address>0x1172c</run_address>
         <size>0x28</size>
         <input_file_ref idref="fl-b"/>
      </object_component>
      <object_component id="oc-76d">
         <name>.text:prvSampleTimeNow</name>
         <load_address>0x11754</load_address>
         <run_address>0x11754</run_address>
         <size>0x28</size>
         <input_file_ref idref="fl-b"/>
      </object_component>
      <object_component id="oc-70f">
         <name>.text:vListInitialise</name>
         <load_address>0x1177c</load_address>
         <run_address>0x1177c</run_address>
         <size>0x28</size>
         <input_file_ref idref="fl-5"/>
      </object_component>
      <object_component id="oc-5d6">
         <name>.text:vApplicationSetupTimerInterrupt</name>
         <load_address>0x117a4</load_address>
         <run_address>0x117a4</run_address>
         <size>0x26</size>
         <input_file_ref idref="fl-6"/>
      </object_component>
      <object_component id="oc-65b">
         <name>.text:vListInsertEnd</name>
         <load_address>0x117ca</load_address>
         <run_address>0x117ca</run_address>
         <size>0x26</size>
         <input_file_ref idref="fl-5"/>
      </object_component>
      <object_component id="oc-64c">
         <name>.text:prvResetNextTaskUnblockTime</name>
         <load_address>0x117f0</load_address>
         <run_address>0x117f0</run_address>
         <size>0x24</size>
         <input_file_ref idref="fl-a"/>
      </object_component>
      <object_component id="oc-6ab">
         <name>.text:pxPortInitialiseStack</name>
         <load_address>0x11814</load_address>
         <run_address>0x11814</run_address>
         <size>0x24</size>
         <input_file_ref idref="fl-7"/>
      </object_component>
      <object_component id="oc-79d">
         <name>.text:xTaskGetTickCount</name>
         <load_address>0x11838</load_address>
         <run_address>0x11838</run_address>
         <size>0x24</size>
         <input_file_ref idref="fl-a"/>
      </object_component>
      <object_component id="oc-5be">
         <name>.text:WDT_A_hold</name>
         <load_address>0x1185c</load_address>
         <run_address>0x1185c</run_address>
         <size>0x20</size>
         <input_file_ref idref="fl-34"/>
      </object_component>
      <object_component id="oc-75d">
         <name>.text:prvInitialiseNewQueue</name>
         <load_address>0x1187c</load_address>
         <run_address>0x1187c</run_address>
         <size>0x20</size>
         <input_file_ref idref="fl-9"/>
      </object_component>
      <object_component id="oc-5d0">
         <name>.text:GPIO_setOutputLowOnPin</name>
         <load_address>0x1189c</load_address>
         <run_address>0x1189c</run_address>
         <size>0x1c</size>
         <input_file_ref idref="fl-1b"/>
      </object_component>
      <object_component id="oc-7ef">
         <name>.text:pvTaskIncrementMutexHeldCount</name>
         <load_address>0x118b8</load_address>
         <run_address>0x118b8</run_address>
         <size>0x1c</size>
         <input_file_ref idref="fl-a"/>
      </object_component>
      <object_component id="oc-7dd">
         <name>.text:vTaskSetTimeOutState</name>
         <load_address>0x118d4</load_address>
         <run_address>0x118d4</run_address>
         <size>0x1c</size>
         <input_file_ref idref="fl-a"/>
      </object_component>
      <object_component id="oc-58f">
         <name>.text</name>
         <load_address>0x118f0</load_address>
         <run_address>0x118f0</run_address>
         <size>0x18</size>
         <input_file_ref idref="fl-82"/>
      </object_component>
      <object_component id="oc-60d">
         <name>.text:uart_tx</name>
         <load_address>0x11908</load_address>
         <run_address>0x11908</run_address>
         <size>0x18</size>
         <input_file_ref idref="fl-c"/>
      </object_component>
      <object_component id="oc-7b8">
         <name>.text:xTaskGetSchedulerState</name>
         <load_address>0x11920</load_address>
         <run_address>0x11920</run_address>
         <size>0x18</size>
         <input_file_ref idref="fl-a"/>
      </object_component>
      <object_component id="oc-6cd">
         <name>.text:prvTimerTask</name>
         <load_address>0x11938</load_address>
         <run_address>0x11938</run_address>
         <size>0x16</size>
         <input_file_ref idref="fl-b"/>
      </object_component>
      <object_component id="oc-49a">
         <name>.text:memcpy</name>
         <load_address>0x1194e</load_address>
         <run_address>0x1194e</run_address>
         <size>0x14</size>
         <input_file_ref idref="fl-7e"/>
      </object_component>
      <object_component id="oc-5dc">
         <name>.text:uart_setup</name>
         <load_address>0x11962</load_address>
         <run_address>0x11962</run_address>
         <size>0x14</size>
         <input_file_ref idref="fl-c"/>
      </object_component>
      <object_component id="oc-72">
         <name>.text:decompress:none:__TI_decompress_none</name>
         <load_address>0x11976</load_address>
         <run_address>0x11976</run_address>
         <size>0x12</size>
         <input_file_ref idref="fl-57"/>
      </object_component>
      <object_component id="oc-636">
         <name>.text:prvIdleTask</name>
         <load_address>0x11988</load_address>
         <run_address>0x11988</run_address>
         <size>0xe</size>
         <input_file_ref idref="fl-a"/>
      </object_component>
      <object_component id="oc-620">
         <name>.text:vPortFree</name>
         <load_address>0x11996</load_address>
         <run_address>0x11996</run_address>
         <size>0xe</size>
         <input_file_ref idref="fl-4"/>
      </object_component>
      <object_component id="oc-6a5">
         <name>.text:vListInitialiseItem</name>
         <load_address>0x119a4</load_address>
         <run_address>0x119a4</run_address>
         <size>0x8</size>
         <input_file_ref idref="fl-5"/>
      </object_component>
      <object_component id="oc-4ee">
         <name>.text:abort</name>
         <load_address>0x119ac</load_address>
         <run_address>0x119ac</run_address>
         <size>0x6</size>
         <input_file_ref idref="fl-5e"/>
      </object_component>
      <object_component id="oc-78">
         <name>.text:decompress:rle24:__TI_decompress_rle24</name>
         <load_address>0x119b2</load_address>
         <run_address>0x119b2</run_address>
         <size>0x6</size>
         <input_file_ref idref="fl-58"/>
      </object_component>
      <object_component id="oc-800">
         <name>.text:vTaskMissedYield</name>
         <load_address>0x119b8</load_address>
         <run_address>0x119b8</run_address>
         <size>0x6</size>
         <input_file_ref idref="fl-a"/>
      </object_component>
      <object_component id="oc-684">
         <name>.text:vTaskSuspendAll</name>
         <load_address>0x119be</load_address>
         <run_address>0x119be</run_address>
         <size>0x6</size>
         <input_file_ref idref="fl-a"/>
      </object_component>
      <object_component id="oc-4c6">
         <name>.text:_system_pre_init</name>
         <load_address>0x119c4</load_address>
         <run_address>0x119c4</run_address>
         <size>0x4</size>
         <input_file_ref idref="fl-87"/>
      </object_component>
      <object_component id="oc-522">
         <name>.text:_system_post_cinit</name>
         <load_address>0x119c8</load_address>
         <run_address>0x119c8</run_address>
         <size>0x2</size>
         <input_file_ref idref="fl-8c"/>
      </object_component>
      <object_component id="oc-588">
         <name>.text:vPortSetupTimerInterrupt</name>
         <load_address>0x119ca</load_address>
         <run_address>0x119ca</run_address>
         <size>0x2</size>
         <input_file_ref idref="fl-7"/>
      </object_component>
      <object_component id="oc-b8">
         <name>.text:_isr:_c_int00_noargs_noexit</name>
         <load_address>0x8000</load_address>
         <run_address>0x8000</run_address>
         <size>0x1a</size>
         <input_file_ref idref="fl-56"/>
      </object_component>
      <object_component id="oc-4b9">
         <name>.text:_isr:vTickISREntry</name>
         <load_address>0x801a</load_address>
         <run_address>0x801a</run_address>
         <size>0x10</size>
         <input_file_ref idref="fl-7"/>
      </object_component>
      <object_component id="oc-4b4">
         <name>.text:_isr:__TI_ISR_TRAP</name>
         <load_address>0x802a</load_address>
         <run_address>0x802a</run_address>
         <size>0x8</size>
         <input_file_ref idref="fl-7b"/>
      </object_component>
      <object_component id="oc-88f">
         <name>.cinit..bss.load</name>
         <load_address>0x846e</load_address>
         <run_address>0x846e</run_address>
         <size>0xb</size>
      </object_component>
      <object_component id="oc-890">
         <name>.cinit..data.load</name>
         <load_address>0x847a</load_address>
         <run_address>0x847a</run_address>
         <size>0xb</size>
      </object_component>
      <object_component id="oc-88d">
         <name>__TI_handler_table</name>
         <load_address>0x8486</load_address>
         <run_address>0x8486</run_address>
         <size>0x8</size>
      </object_component>
      <object_component id="oc-88e">
         <name>__TI_cinit_table</name>
         <load_address>0x848e</load_address>
         <run_address>0x848e</run_address>
         <size>0x10</size>
      </object_component>
      <object_component id="oc-552">
         <name>.const:.string</name>
         <load_address>0x8032</load_address>
         <run_address>0x8032</run_address>
         <size>0x412</size>
         <input_file_ref idref="fl-6"/>
      </object_component>
      <object_component id="oc-673">
         <name>.const:GPIO_PORT_TO_BASE</name>
         <load_address>0x8444</load_address>
         <run_address>0x8444</run_address>
         <size>0x1c</size>
         <input_file_ref idref="fl-1b"/>
      </object_component>
      <object_component id="oc-6d3">
         <name>.const:.string</name>
         <load_address>0x8460</load_address>
         <run_address>0x8460</run_address>
         <size>0x8</size>
         <input_file_ref idref="fl-b"/>
      </object_component>
      <object_component id="oc-63c">
         <name>.const:.string</name>
         <load_address>0x8468</load_address>
         <run_address>0x8468</run_address>
         <size>0x6</size>
         <input_file_ref idref="fl-a"/>
      </object_component>
      <object_component id="oc-7e">
         <name>.int35</name>
         <load_address>0xffc6</load_address>
         <run_address>0xffc6</run_address>
         <size>0x2</size>
         <input_file_ref idref="fl-60"/>
      </object_component>
      <object_component id="oc-7f">
         <name>.int36</name>
         <load_address>0xffc8</load_address>
         <run_address>0xffc8</run_address>
         <size>0x2</size>
         <input_file_ref idref="fl-61"/>
      </object_component>
      <object_component id="oc-80">
         <name>.int37</name>
         <load_address>0xffca</load_address>
         <run_address>0xffca</run_address>
         <size>0x2</size>
         <input_file_ref idref="fl-62"/>
      </object_component>
      <object_component id="oc-81">
         <name>.int38</name>
         <load_address>0xffcc</load_address>
         <run_address>0xffcc</run_address>
         <size>0x2</size>
         <input_file_ref idref="fl-63"/>
      </object_component>
      <object_component id="oc-82">
         <name>.int39</name>
         <load_address>0xffce</load_address>
         <run_address>0xffce</run_address>
         <size>0x2</size>
         <input_file_ref idref="fl-64"/>
      </object_component>
      <object_component id="oc-83">
         <name>.int40</name>
         <load_address>0xffd0</load_address>
         <run_address>0xffd0</run_address>
         <size>0x2</size>
         <input_file_ref idref="fl-65"/>
      </object_component>
      <object_component id="oc-84">
         <name>.int41</name>
         <load_address>0xffd2</load_address>
         <run_address>0xffd2</run_address>
         <size>0x2</size>
         <input_file_ref idref="fl-66"/>
      </object_component>
      <object_component id="oc-85">
         <name>.int42</name>
         <load_address>0xffd4</load_address>
         <run_address>0xffd4</run_address>
         <size>0x2</size>
         <input_file_ref idref="fl-67"/>
      </object_component>
      <object_component id="oc-86">
         <name>.int43</name>
         <load_address>0xffd6</load_address>
         <run_address>0xffd6</run_address>
         <size>0x2</size>
         <input_file_ref idref="fl-68"/>
      </object_component>
      <object_component id="oc-87">
         <name>.int44</name>
         <load_address>0xffd8</load_address>
         <run_address>0xffd8</run_address>
         <size>0x2</size>
         <input_file_ref idref="fl-69"/>
      </object_component>
      <object_component id="oc-88">
         <name>.int45</name>
         <load_address>0xffda</load_address>
         <run_address>0xffda</run_address>
         <size>0x2</size>
         <input_file_ref idref="fl-6a"/>
      </object_component>
      <object_component id="oc-89">
         <name>.int46</name>
         <load_address>0xffdc</load_address>
         <run_address>0xffdc</run_address>
         <size>0x2</size>
         <input_file_ref idref="fl-6b"/>
      </object_component>
      <object_component id="oc-8a">
         <name>.int47</name>
         <load_address>0xffde</load_address>
         <run_address>0xffde</run_address>
         <size>0x2</size>
         <input_file_ref idref="fl-6c"/>
      </object_component>
      <object_component id="oc-8b">
         <name>.int48</name>
         <load_address>0xffe0</load_address>
         <run_address>0xffe0</run_address>
         <size>0x2</size>
         <input_file_ref idref="fl-6d"/>
      </object_component>
      <object_component id="oc-8c">
         <name>.int49</name>
         <load_address>0xffe2</load_address>
         <run_address>0xffe2</run_address>
         <size>0x2</size>
         <input_file_ref idref="fl-6e"/>
      </object_component>
      <object_component id="oc-8d">
         <name>.int50</name>
         <load_address>0xffe4</load_address>
         <run_address>0xffe4</run_address>
         <size>0x2</size>
         <input_file_ref idref="fl-6f"/>
      </object_component>
      <object_component id="oc-8e">
         <name>.int51</name>
         <load_address>0xffe6</load_address>
         <run_address>0xffe6</run_address>
         <size>0x2</size>
         <input_file_ref idref="fl-70"/>
      </object_component>
      <object_component id="oc-8f">
         <name>.int52</name>
         <load_address>0xffe8</load_address>
         <run_address>0xffe8</run_address>
         <size>0x2</size>
         <input_file_ref idref="fl-71"/>
      </object_component>
      <object_component id="oc-90">
         <name>.int53</name>
         <load_address>0xffea</load_address>
         <run_address>0xffea</run_address>
         <size>0x2</size>
         <input_file_ref idref="fl-7"/>
      </object_component>
      <object_component id="oc-91">
         <name>.int54</name>
         <load_address>0xffec</load_address>
         <run_address>0xffec</run_address>
         <size>0x2</size>
         <input_file_ref idref="fl-72"/>
      </object_component>
      <object_component id="oc-92">
         <name>.int55</name>
         <load_address>0xffee</load_address>
         <run_address>0xffee</run_address>
         <size>0x2</size>
         <input_file_ref idref="fl-73"/>
      </object_component>
      <object_component id="oc-93">
         <name>.int56</name>
         <load_address>0xfff0</load_address>
         <run_address>0xfff0</run_address>
         <size>0x2</size>
         <input_file_ref idref="fl-74"/>
      </object_component>
      <object_component id="oc-94">
         <name>.int57</name>
         <load_address>0xfff2</load_address>
         <run_address>0xfff2</run_address>
         <size>0x2</size>
         <input_file_ref idref="fl-75"/>
      </object_component>
      <object_component id="oc-95">
         <name>.int58</name>
         <load_address>0xfff4</load_address>
         <run_address>0xfff4</run_address>
         <size>0x2</size>
         <input_file_ref idref="fl-76"/>
      </object_component>
      <object_component id="oc-96">
         <name>.int59</name>
         <load_address>0xfff6</load_address>
         <run_address>0xfff6</run_address>
         <size>0x2</size>
         <input_file_ref idref="fl-77"/>
      </object_component>
      <object_component id="oc-97">
         <name>.int60</name>
         <load_address>0xfff8</load_address>
         <run_address>0xfff8</run_address>
         <size>0x2</size>
         <input_file_ref idref="fl-78"/>
      </object_component>
      <object_component id="oc-98">
         <name>.int61</name>
         <load_address>0xfffa</load_address>
         <run_address>0xfffa</run_address>
         <size>0x2</size>
         <input_file_ref idref="fl-79"/>
      </object_component>
      <object_component id="oc-99">
         <name>.int62</name>
         <load_address>0xfffc</load_address>
         <run_address>0xfffc</run_address>
         <size>0x2</size>
         <input_file_ref idref="fl-7a"/>
      </object_component>
      <object_component id="oc-499">
         <name>.reset</name>
         <load_address>0xfffe</load_address>
         <run_address>0xfffe</run_address>
         <size>0x2</size>
         <input_file_ref idref="fl-55"/>
      </object_component>
      <object_component id="oc-680">
         <name>.debug_info</name>
         <load_address>0x0</load_address>
         <run_address>0x0</run_address>
         <size>0x28d</size>
         <input_file_ref idref="fl-2"/>
      </object_component>
      <object_component id="oc-5ea">
         <name>.debug_info</name>
         <load_address>0x28d</load_address>
         <run_address>0x28d</run_address>
         <size>0x30c</size>
         <input_file_ref idref="fl-2"/>
      </object_component>
      <object_component id="oc-603">
         <name>.debug_info</name>
         <load_address>0x599</load_address>
         <run_address>0x599</run_address>
         <size>0x364</size>
         <input_file_ref idref="fl-2"/>
      </object_component>
      <object_component id="oc-4fc">
         <name>.debug_info</name>
         <load_address>0x8fd</load_address>
         <run_address>0x8fd</run_address>
         <size>0x84</size>
         <input_file_ref idref="fl-2"/>
      </object_component>
      <object_component id="oc-6e5">
         <name>.debug_info</name>
         <load_address>0x981</load_address>
         <run_address>0x981</run_address>
         <size>0xcc</size>
         <input_file_ref idref="fl-2"/>
      </object_component>
      <object_component id="oc-5ef">
         <name>.debug_info</name>
         <load_address>0xa4d</load_address>
         <run_address>0xa4d</run_address>
         <size>0x9c</size>
         <input_file_ref idref="fl-2"/>
      </object_component>
      <object_component id="oc-608">
         <name>.debug_info</name>
         <load_address>0xae9</load_address>
         <run_address>0xae9</run_address>
         <size>0x2c</size>
         <input_file_ref idref="fl-2"/>
      </object_component>
      <object_component id="oc-5e5">
         <name>.debug_info</name>
         <load_address>0xb15</load_address>
         <run_address>0xb15</run_address>
         <size>0x18b</size>
         <input_file_ref idref="fl-2"/>
      </object_component>
      <object_component id="oc-5f9">
         <name>.debug_info</name>
         <load_address>0xca0</load_address>
         <run_address>0xca0</run_address>
         <size>0x53</size>
         <input_file_ref idref="fl-2"/>
      </object_component>
      <object_component id="oc-5fe">
         <name>.debug_info</name>
         <load_address>0xcf3</load_address>
         <run_address>0xcf3</run_address>
         <size>0x14c</size>
         <input_file_ref idref="fl-2"/>
      </object_component>
      <object_component id="oc-681">
         <name>.debug_info</name>
         <load_address>0xe3f</load_address>
         <run_address>0xe3f</run_address>
         <size>0x673</size>
         <input_file_ref idref="fl-3"/>
      </object_component>
      <object_component id="oc-69f">
         <name>.debug_info</name>
         <load_address>0x14b2</load_address>
         <run_address>0x14b2</run_address>
         <size>0x110</size>
         <input_file_ref idref="fl-3"/>
      </object_component>
      <object_component id="oc-6ec">
         <name>.debug_info</name>
         <load_address>0x15c2</load_address>
         <run_address>0x15c2</run_address>
         <size>0x39</size>
         <input_file_ref idref="fl-3"/>
      </object_component>
      <object_component id="oc-5f4">
         <name>.debug_info</name>
         <load_address>0x15fb</load_address>
         <run_address>0x15fb</run_address>
         <size>0x46</size>
         <input_file_ref idref="fl-3"/>
      </object_component>
      <object_component id="oc-6f1">
         <name>.debug_info</name>
         <load_address>0x1641</load_address>
         <run_address>0x1641</run_address>
         <size>0x62</size>
         <input_file_ref idref="fl-3"/>
      </object_component>
      <object_component id="oc-69e">
         <name>.debug_info</name>
         <load_address>0x16a3</load_address>
         <run_address>0x16a3</run_address>
         <size>0x3c3</size>
         <input_file_ref idref="fl-4"/>
      </object_component>
      <object_component id="oc-69b">
         <name>.debug_info</name>
         <load_address>0x1a66</load_address>
         <run_address>0x1a66</run_address>
         <size>0xce</size>
         <input_file_ref idref="fl-4"/>
      </object_component>
      <object_component id="oc-698">
         <name>.debug_info</name>
         <load_address>0x1b34</load_address>
         <run_address>0x1b34</run_address>
         <size>0xdc</size>
         <input_file_ref idref="fl-4"/>
      </object_component>
      <object_component id="oc-61b">
         <name>.debug_info</name>
         <load_address>0x1c10</load_address>
         <run_address>0x1c10</run_address>
         <size>0x1ba</size>
         <input_file_ref idref="fl-4"/>
      </object_component>
      <object_component id="oc-621">
         <name>.debug_info</name>
         <load_address>0x1dca</load_address>
         <run_address>0x1dca</run_address>
         <size>0x11d</size>
         <input_file_ref idref="fl-4"/>
      </object_component>
      <object_component id="oc-6db">
         <name>.debug_info</name>
         <load_address>0x1ee7</load_address>
         <run_address>0x1ee7</run_address>
         <size>0x2ef</size>
         <input_file_ref idref="fl-5"/>
      </object_component>
      <object_component id="oc-710">
         <name>.debug_info</name>
         <load_address>0x21d6</load_address>
         <run_address>0x21d6</run_address>
         <size>0x133</size>
         <input_file_ref idref="fl-5"/>
      </object_component>
      <object_component id="oc-6a6">
         <name>.debug_info</name>
         <load_address>0x2309</load_address>
         <run_address>0x2309</run_address>
         <size>0x13b</size>
         <input_file_ref idref="fl-5"/>
      </object_component>
      <object_component id="oc-65c">
         <name>.debug_info</name>
         <load_address>0x2444</load_address>
         <run_address>0x2444</run_address>
         <size>0x18e</size>
         <input_file_ref idref="fl-5"/>
      </object_component>
      <object_component id="oc-6fa">
         <name>.debug_info</name>
         <load_address>0x25d2</load_address>
         <run_address>0x25d2</run_address>
         <size>0x1b9</size>
         <input_file_ref idref="fl-5"/>
      </object_component>
      <object_component id="oc-653">
         <name>.debug_info</name>
         <load_address>0x278b</load_address>
         <run_address>0x278b</run_address>
         <size>0x166</size>
         <input_file_ref idref="fl-5"/>
      </object_component>
      <object_component id="oc-54a">
         <name>.debug_info</name>
         <load_address>0x28f1</load_address>
         <run_address>0x28f1</run_address>
         <size>0x6c2</size>
         <input_file_ref idref="fl-6"/>
      </object_component>
      <object_component id="oc-4e7">
         <name>.debug_info</name>
         <load_address>0x2fb3</load_address>
         <run_address>0x2fb3</run_address>
         <size>0x158</size>
         <input_file_ref idref="fl-6"/>
      </object_component>
      <object_component id="oc-5c5">
         <name>.debug_info</name>
         <load_address>0x310b</load_address>
         <run_address>0x310b</run_address>
         <size>0x101</size>
         <input_file_ref idref="fl-6"/>
      </object_component>
      <object_component id="oc-544">
         <name>.debug_info</name>
         <load_address>0x320c</load_address>
         <run_address>0x320c</run_address>
         <size>0x1d2</size>
         <input_file_ref idref="fl-6"/>
      </object_component>
      <object_component id="oc-54d">
         <name>.debug_info</name>
         <load_address>0x33de</load_address>
         <run_address>0x33de</run_address>
         <size>0x196</size>
         <input_file_ref idref="fl-6"/>
      </object_component>
      <object_component id="oc-55b">
         <name>.debug_info</name>
         <load_address>0x3574</load_address>
         <run_address>0x3574</run_address>
         <size>0x196</size>
         <input_file_ref idref="fl-6"/>
      </object_component>
      <object_component id="oc-562">
         <name>.debug_info</name>
         <load_address>0x370a</load_address>
         <run_address>0x370a</run_address>
         <size>0x194</size>
         <input_file_ref idref="fl-6"/>
      </object_component>
      <object_component id="oc-5d7">
         <name>.debug_info</name>
         <load_address>0x389e</load_address>
         <run_address>0x389e</run_address>
         <size>0x129</size>
         <input_file_ref idref="fl-6"/>
      </object_component>
      <object_component id="oc-56e">
         <name>.debug_info</name>
         <load_address>0x39c7</load_address>
         <run_address>0x39c7</run_address>
         <size>0x8b</size>
         <input_file_ref idref="fl-6"/>
      </object_component>
      <object_component id="oc-72e">
         <name>.debug_info</name>
         <load_address>0x3a52</load_address>
         <run_address>0x3a52</run_address>
         <size>0x46</size>
         <input_file_ref idref="fl-6"/>
      </object_component>
      <object_component id="oc-646">
         <name>.debug_info</name>
         <load_address>0x3a98</load_address>
         <run_address>0x3a98</run_address>
         <size>0x376</size>
         <input_file_ref idref="fl-7"/>
      </object_component>
      <object_component id="oc-577">
         <name>.debug_info</name>
         <load_address>0x3e0e</load_address>
         <run_address>0x3e0e</run_address>
         <size>0xe3</size>
         <input_file_ref idref="fl-7"/>
      </object_component>
      <object_component id="oc-6ac">
         <name>.debug_info</name>
         <load_address>0x3ef1</load_address>
         <run_address>0x3ef1</run_address>
         <size>0x20d</size>
         <input_file_ref idref="fl-7"/>
      </object_component>
      <object_component id="oc-589">
         <name>.debug_info</name>
         <load_address>0x40fe</load_address>
         <run_address>0x40fe</run_address>
         <size>0x11b</size>
         <input_file_ref idref="fl-7"/>
      </object_component>
      <object_component id="oc-4ba">
         <name>.debug_info</name>
         <load_address>0x4219</load_address>
         <run_address>0x4219</run_address>
         <size>0x123</size>
         <input_file_ref idref="fl-7"/>
      </object_component>
      <object_component id="oc-514">
         <name>.debug_info</name>
         <load_address>0x433c</load_address>
         <run_address>0x433c</run_address>
         <size>0x22f</size>
         <input_file_ref idref="fl-8"/>
      </object_component>
      <object_component id="oc-764">
         <name>.debug_info</name>
         <load_address>0x456b</load_address>
         <run_address>0x456b</run_address>
         <size>0x89b</size>
         <input_file_ref idref="fl-9"/>
      </object_component>
      <object_component id="oc-790">
         <name>.debug_info</name>
         <load_address>0x4e06</load_address>
         <run_address>0x4e06</run_address>
         <size>0x214</size>
         <input_file_ref idref="fl-9"/>
      </object_component>
      <object_component id="oc-726">
         <name>.debug_info</name>
         <load_address>0x501a</load_address>
         <run_address>0x501a</run_address>
         <size>0x264</size>
         <input_file_ref idref="fl-9"/>
      </object_component>
      <object_component id="oc-75e">
         <name>.debug_info</name>
         <load_address>0x527e</load_address>
         <run_address>0x527e</run_address>
         <size>0x234</size>
         <input_file_ref idref="fl-9"/>
      </object_component>
      <object_component id="oc-7bf">
         <name>.debug_info</name>
         <load_address>0x54b2</load_address>
         <run_address>0x54b2</run_address>
         <size>0x40c</size>
         <input_file_ref idref="fl-9"/>
      </object_component>
      <object_component id="oc-7c5">
         <name>.debug_info</name>
         <load_address>0x58be</load_address>
         <run_address>0x58be</run_address>
         <size>0x2ce</size>
         <input_file_ref idref="fl-9"/>
      </object_component>
      <object_component id="oc-789">
         <name>.debug_info</name>
         <load_address>0x5b8c</load_address>
         <run_address>0x5b8c</run_address>
         <size>0x4ac</size>
         <input_file_ref idref="fl-9"/>
      </object_component>
      <object_component id="oc-80f">
         <name>.debug_info</name>
         <load_address>0x6038</load_address>
         <run_address>0x6038</run_address>
         <size>0x219</size>
         <input_file_ref idref="fl-9"/>
      </object_component>
      <object_component id="oc-7ea">
         <name>.debug_info</name>
         <load_address>0x6251</load_address>
         <run_address>0x6251</run_address>
         <size>0x185</size>
         <input_file_ref idref="fl-9"/>
      </object_component>
      <object_component id="oc-7b0">
         <name>.debug_info</name>
         <load_address>0x63d6</load_address>
         <run_address>0x63d6</run_address>
         <size>0x1d4</size>
         <input_file_ref idref="fl-9"/>
      </object_component>
      <object_component id="oc-7cc">
         <name>.debug_info</name>
         <load_address>0x65aa</load_address>
         <run_address>0x65aa</run_address>
         <size>0x157</size>
         <input_file_ref idref="fl-9"/>
      </object_component>
      <object_component id="oc-809">
         <name>.debug_info</name>
         <load_address>0x6701</load_address>
         <run_address>0x6701</run_address>
         <size>0x155</size>
         <input_file_ref idref="fl-9"/>
      </object_component>
      <object_component id="oc-770">
         <name>.debug_info</name>
         <load_address>0x6856</load_address>
         <run_address>0x6856</run_address>
         <size>0x1f5</size>
         <input_file_ref idref="fl-9"/>
      </object_component>
      <object_component id="oc-798">
         <name>.debug_info</name>
         <load_address>0x6a4b</load_address>
         <run_address>0x6a4b</run_address>
         <size>0x155</size>
         <input_file_ref idref="fl-9"/>
      </object_component>
      <object_component id="oc-633">
         <name>.debug_info</name>
         <load_address>0x6ba0</load_address>
         <run_address>0x6ba0</run_address>
         <size>0x79e</size>
         <input_file_ref idref="fl-a"/>
      </object_component>
      <object_component id="oc-57a">
         <name>.debug_info</name>
         <load_address>0x733e</load_address>
         <run_address>0x733e</run_address>
         <size>0x2f4</size>
         <input_file_ref idref="fl-a"/>
      </object_component>
      <object_component id="oc-659">
         <name>.debug_info</name>
         <load_address>0x7632</load_address>
         <run_address>0x7632</run_address>
         <size>0xe4</size>
         <input_file_ref idref="fl-a"/>
      </object_component>
      <object_component id="oc-716">
         <name>.debug_info</name>
         <load_address>0x7716</load_address>
         <run_address>0x7716</run_address>
         <size>0xe4</size>
         <input_file_ref idref="fl-a"/>
      </object_component>
      <object_component id="oc-719">
         <name>.debug_info</name>
         <load_address>0x77fa</load_address>
         <run_address>0x77fa</run_address>
         <size>0xe4</size>
         <input_file_ref idref="fl-a"/>
      </object_component>
      <object_component id="oc-64a">
         <name>.debug_info</name>
         <load_address>0x78de</load_address>
         <run_address>0x78de</run_address>
         <size>0x127</size>
         <input_file_ref idref="fl-a"/>
      </object_component>
      <object_component id="oc-704">
         <name>.debug_info</name>
         <load_address>0x7a05</load_address>
         <run_address>0x7a05</run_address>
         <size>0xe4</size>
         <input_file_ref idref="fl-a"/>
      </object_component>
      <object_component id="oc-700">
         <name>.debug_info</name>
         <load_address>0x7ae9</load_address>
         <run_address>0x7ae9</run_address>
         <size>0xe6</size>
         <input_file_ref idref="fl-a"/>
      </object_component>
      <object_component id="oc-554">
         <name>.debug_info</name>
         <load_address>0x7bcf</load_address>
         <run_address>0x7bcf</run_address>
         <size>0x32d</size>
         <input_file_ref idref="fl-a"/>
      </object_component>
      <object_component id="oc-627">
         <name>.debug_info</name>
         <load_address>0x7efc</load_address>
         <run_address>0x7efc</run_address>
         <size>0x356</size>
         <input_file_ref idref="fl-a"/>
      </object_component>
      <object_component id="oc-62d">
         <name>.debug_info</name>
         <load_address>0x8252</load_address>
         <run_address>0x8252</run_address>
         <size>0x195</size>
         <input_file_ref idref="fl-a"/>
      </object_component>
      <object_component id="oc-614">
         <name>.debug_info</name>
         <load_address>0x83e7</load_address>
         <run_address>0x83e7</run_address>
         <size>0x1d3</size>
         <input_file_ref idref="fl-a"/>
      </object_component>
      <object_component id="oc-568">
         <name>.debug_info</name>
         <load_address>0x85ba</load_address>
         <run_address>0x85ba</run_address>
         <size>0x176</size>
         <input_file_ref idref="fl-a"/>
      </object_component>
      <object_component id="oc-685">
         <name>.debug_info</name>
         <load_address>0x8730</load_address>
         <run_address>0x8730</run_address>
         <size>0x10f</size>
         <input_file_ref idref="fl-a"/>
      </object_component>
      <object_component id="oc-691">
         <name>.debug_info</name>
         <load_address>0x883f</load_address>
         <run_address>0x883f</run_address>
         <size>0x1f7</size>
         <input_file_ref idref="fl-a"/>
      </object_component>
      <object_component id="oc-79e">
         <name>.debug_info</name>
         <load_address>0x8a36</load_address>
         <run_address>0x8a36</run_address>
         <size>0x12c</size>
         <input_file_ref idref="fl-a"/>
      </object_component>
      <object_component id="oc-57d">
         <name>.debug_info</name>
         <load_address>0x8b62</load_address>
         <run_address>0x8b62</run_address>
         <size>0x209</size>
         <input_file_ref idref="fl-a"/>
      </object_component>
      <object_component id="oc-583">
         <name>.debug_info</name>
         <load_address>0x8d6b</load_address>
         <run_address>0x8d6b</run_address>
         <size>0x157</size>
         <input_file_ref idref="fl-a"/>
      </object_component>
      <object_component id="oc-7d8">
         <name>.debug_info</name>
         <load_address>0x8ec2</load_address>
         <run_address>0x8ec2</run_address>
         <size>0x1d2</size>
         <input_file_ref idref="fl-a"/>
      </object_component>
      <object_component id="oc-7aa">
         <name>.debug_info</name>
         <load_address>0x9094</load_address>
         <run_address>0x9094</run_address>
         <size>0x23f</size>
         <input_file_ref idref="fl-a"/>
      </object_component>
      <object_component id="oc-7f6">
         <name>.debug_info</name>
         <load_address>0x92d3</load_address>
         <run_address>0x92d3</run_address>
         <size>0x1ef</size>
         <input_file_ref idref="fl-a"/>
      </object_component>
      <object_component id="oc-7de">
         <name>.debug_info</name>
         <load_address>0x94c2</load_address>
         <run_address>0x94c2</run_address>
         <size>0x14f</size>
         <input_file_ref idref="fl-a"/>
      </object_component>
      <object_component id="oc-7e4">
         <name>.debug_info</name>
         <load_address>0x9611</load_address>
         <run_address>0x9611</run_address>
         <size>0x1f2</size>
         <input_file_ref idref="fl-a"/>
      </object_component>
      <object_component id="oc-801">
         <name>.debug_info</name>
         <load_address>0x9803</load_address>
         <run_address>0x9803</run_address>
         <size>0x111</size>
         <input_file_ref idref="fl-a"/>
      </object_component>
      <object_component id="oc-637">
[...]
      </symbol>
      <symbol id="sm-3a2">
         <name>UCA2ICTL_L</name>
         <value>0x65c</value>
      </symbol>
      <symbol id="sm-3a3">
         <name>UCA2ICTL_H</name>
         <value>0x65d</value>
      </symbol>
      <symbol id="sm-3a4">
         <name>UCA2IV</name>
         <value>0x65e</value>
      </symbol>
      <symbol id="sm-3a5">
         <name>UCB2CTLW0</name>
         <value>0x660</value>
      </symbol>
      <symbol id="sm-3a6">
         <name>UCB2CTLW0_L</name>
         <value>0x660</value>
      </symbol>
      <symbol id="sm-3a7">
         <name>UCB2CTLW0_H</name>
         <value>0x661</value>
      </symbol>
      <symbol id="sm-3a8">
         <name>UCB2BRW</name>
         <value>0x666</value>
      </symbol>
      <symbol id="sm-3a9">
         <name>UCB2BRW_L</name>
         <value>0x666</value>
      </symbol>
      <symbol id="sm-3aa">
         <name>UCB2BRW_H</name>
         <value>0x667</value>
      </symbol>
      <symbol id="sm-3ab">
         <name>UCB2STAT</name>
         <value>0x66a</value>
      </symbol>
      <symbol id="sm-3ac">
         <name>UCB2RXBUF</name>
         <value>0x66c</value>
      </symbol>
      <symbol id="sm-3ad">
         <name>UCB2TXBUF</name>
         <value>0x66e</value>
      </symbol>
      <symbol id="sm-3ae">
         <name>UCB2I2COA</name>
         <value>0x670</value>
      </symbol>
      <symbol id="sm-3af">
         <name>UCB2I2COA_L</name>
         <value>0x670</value>
      </symbol>
      <symbol id="sm-3b0">
         <name>UCB2I2COA_H</name>
         <value>0x671</value>
      </symbol>
      <symbol id="sm-3b1">
         <name>UCB2I2CSA</name>
         <value>0x672</value>
      </symbol>
      <symbol id="sm-3b2">
         <name>UCB2I2CSA_L</name>
         <value>0x672</value>
      </symbol>
      <symbol id="sm-3b3">
         <name>UCB2I2CSA_H</name>
         <value>0x673</value>
      </symbol>
      <symbol id="sm-3b4">
         <name>UCB2ICTL</name>
         <value>0x67c</value>
      </symbol>
      <symbol id="sm-3b5">
         <name>UCB2ICTL_L</name>
         <value>0x67c</value>
      </symbol>
      <symbol id="sm-3b6">
         <name>UCB2ICTL_H</name>
         <value>0x67d</value>
      </symbol>
      <symbol id="sm-3b7">
         <name>UCB2IV</name>
         <value>0x67e</value>
      </symbol>
      <symbol id="sm-3b8">
         <name>WDTCTL</name>
         <value>0x15c</value>
      </symbol>
      <symbol id="sm-3b9">
         <name>WDTCTL_L</name>
         <value>0x15c</value>
      </symbol>
      <symbol id="sm-3ba">
         <name>WDTCTL_H</name>
         <value>0x15d</value>
      </symbol>
      <symbol id="sm-3bb">
         <name>__TI_CINIT_Base</name>
         <value>0x848e</value>
      </symbol>
      <symbol id="sm-3bc">
         <name>__TI_CINIT_Limit</name>
         <value>0x849e</value>
      </symbol>
      <symbol id="sm-3bd">
         <name>__TI_Handler_Table_Base</name>
         <value>0x8486</value>
      </symbol>
      <symbol id="sm-3be">
         <name>__TI_Handler_Table_Limit</name>
         <value>0x848e</value>
      </symbol>
      <symbol id="sm-3bf">
         <name>__STACK_SIZE</name>
         <value>0xa0</value>
      </symbol>
      <symbol id="sm-3c0">
         <name>__STACK_END</name>
         <value>0x6400</value>
      </symbol>
      <symbol id="sm-3c1">
         <name>__c_args__</name>
         <value>0xffffffff</value>
      </symbol>
      <symbol id="sm-3c2">
         <name>__TI_pprof_out_hndl</name>
         <value>0xffffffff</value>
      </symbol>
      <symbol id="sm-3c3">
         <name>__TI_prof_data_start</name>
         <value>0xffffffff</value>
      </symbol>
      <symbol id="sm-3c4">
         <name>__TI_prof_data_size</name>
         <value>0xffffffff</value>
      </symbol>
      <symbol id="sm-48e">
         <name>pvPortMalloc</name>
         <value>0x11130</value>
         <object_component_ref idref="oc-61a"/>
      </symbol>
      <symbol id="sm-48f">
         <name>vPortFree</name>
         <value>0x11996</value>
         <object_component_ref idref="oc-620"/>
      </symbol>
      <symbol id="sm-4bb">
         <name>uxListRemove</name>
         <value>0x115a8</value>
         <object_component_ref idref="oc-652"/>
      </symbol>
      <symbol id="sm-4bc">
         <name>vListInsert</name>
         <value>0x114ec</value>
         <object_component_ref idref="oc-6f9"/>
      </symbol>
      <symbol id="sm-4bd">
         <name>vListInitialiseItem</name>
         <value>0x119a4</value>
         <object_component_ref idref="oc-6a5"/>
      </symbol>
      <symbol id="sm-4be">
         <name>vListInsertEnd</name>
         <value>0x117ca</value>
         <object_component_ref idref="oc-65b"/>
      </symbol>
      <symbol id="sm-4bf">
         <name>vListInitialise</name>
         <value>0x1177c</value>
         <object_component_ref idref="oc-70f"/>
      </symbol>
      <symbol id="sm-51e">
         <name>blink_p5_4</name>
         <value>0x40c4</value>
      </symbol>
      <symbol id="sm-51f">
         <name>blink_p1_7</name>
         <value>0x40c0</value>
      </symbol>
      <symbol id="sm-520">
         <name>printTask</name>
         <value>0x40c8</value>
      </symbol>
      <symbol id="sm-521">
         <name>vBlink_P1_7</name>
         <value>0x1146c</value>
         <object_component_ref idref="oc-55a"/>
      </symbol>
      <symbol id="sm-522">
         <name>vBlink_P5_4</name>
         <value>0x114ac</value>
         <object_component_ref idref="oc-54c"/>
      </symbol>
      <symbol id="sm-523">
         <name>vPrintTask</name>
         <value>0x1152c</value>
         <object_component_ref idref="oc-561"/>
      </symbol>
      <symbol id="sm-524">
         <name>vApplicationSetupTimerInterrupt</name>
         <value>0x117a4</value>
         <object_component_ref idref="oc-5d6"/>
      </symbol>
      <symbol id="sm-525">
         <name>main</name>
         <value>0x10f2a</value>
         <object_component_ref idref="oc-4e6"/>
      </symbol>
      <symbol id="sm-526">
         <name>vSetupClock</name>
         <value>0x1156c</value>
         <object_component_ref idref="oc-5c4"/>
      </symbol>
      <symbol id="sm-546">
         <name>vPortSetupTimerInterrupt</name>
         <value>0x119ca</value>
         <object_component_ref idref="oc-588"/>
      </symbol>
      <symbol id="sm-547">
         <name>__TI_int53</name>
         <value>0xffea</value>
         <object_component_ref idref="oc-90"/>
      </symbol>
      <symbol id="sm-548">
         <name>vTickISREntry</name>
         <value>0x801a</value>
         <object_component_ref idref="oc-4b9"/>
      </symbol>
      <symbol id="sm-549">
         <name>usCriticalNesting</name>
         <value>0x40f8</value>
         <object_component_ref idref="oc-576"/>
      </symbol>
      <symbol id="sm-54a">
         <name>pxPortInitialiseStack</name>
         <value>0x11814</value>
         <object_component_ref idref="oc-6ab"/>
      </symbol>
      <symbol id="sm-552">
         <name>vPortCooperativeTickISR</name>
         <value>0x1078c</value>
         <object_component_ref idref="oc-513"/>
      </symbol>
      <symbol id="sm-553">
         <name>vPortPreemptiveTickISR</name>
         <value>0x1075c</value>
         <object_component_ref idref="oc-513"/>
      </symbol>
      <symbol id="sm-554">
         <name>vPortYield</name>
         <value>0x107b8</value>
         <object_component_ref idref="oc-513"/>
      </symbol>
      <symbol id="sm-555">
         <name>xPortStartScheduler</name>
         <value>0x107e8</value>
         <object_component_ref idref="oc-513"/>
      </symbol>
      <symbol id="sm-61b">
         <name>xQueueGenericSendFromISR</name>
         <value>0x10ae0</value>
         <object_component_ref idref="oc-7c4"/>
      </symbol>
      <symbol id="sm-61c">
         <name>xQueueGenericCreate</name>
         <value>0x112e4</value>
         <object_component_ref idref="oc-725"/>
      </symbol>
      <symbol id="sm-61d">
         <name>xQueueGenericSend</name>
         <value>0x101d2</value>
         <object_component_ref idref="oc-7be"/>
      </symbol>
      <symbol id="sm-61e">
         <name>xQueueGenericReset</name>
         <value>0x106ae</value>
         <object_component_ref idref="oc-78f"/>
      </symbol>
      <symbol id="sm-61f">
         <name>xQueueGenericReceive</name>
         <value>0x10000</value>
         <object_component_ref idref="oc-788"/>
      </symbol>
      <symbol id="sm-620">
         <name>vQueueWaitForMessageRestricted</name>
         <value>0x11384</value>
         <object_component_ref idref="oc-76f"/>
      </symbol>
      <symbol id="sm-77a">
         <name>vTaskDelay</name>
         <value>0x115e2</value>
         <object_component_ref idref="oc-613"/>
      </symbol>
      <symbol id="sm-77b">
         <name>vTaskSuspendAll</name>
         <value>0x119be</value>
         <object_component_ref idref="oc-684"/>
      </symbol>
      <symbol id="sm-77c">
         <name>vTaskPriorityInherit</name>
         <value>0x10b62</value>
         <object_component_ref idref="oc-7d1"/>
      </symbol>
      <symbol id="sm-77d">
         <name>vTaskPlaceOnEventList</name>
         <value>0x116d8</value>
         <object_component_ref idref="oc-7d7"/>
      </symbol>
      <symbol id="sm-77e">
         <name>xTaskCheckForTimeOut</name>
         <value>0x10d60</value>
         <object_component_ref idref="oc-7e3"/>
      </symbol>
      <symbol id="sm-77f">
         <name>xTaskPriorityDisinherit</name>
         <value>0x10c62</value>
         <object_component_ref idref="oc-820"/>
      </symbol>
      <symbol id="sm-780">
         <name>vTaskStartScheduler</name>
         <value>0x1123c</value>
         <object_component_ref idref="oc-567"/>
      </symbol>
      <symbol id="sm-781">
         <name>pvTaskIncrementMutexHeldCount</name>
         <value>0x118b8</value>
         <object_component_ref idref="oc-7ef"/>
      </symbol>
      <symbol id="sm-782">
         <name>xTaskCreate</name>
         <value>0x10be2</value>
         <object_component_ref idref="oc-553"/>
      </symbol>
      <symbol id="sm-783">
         <name>vTaskMissedYield</name>
         <value>0x119b8</value>
         <object_component_ref idref="oc-800"/>
      </symbol>
      <symbol id="sm-784">
         <name>xTaskResumeAll</name>
         <value>0x10514</value>
         <object_component_ref idref="oc-690"/>
      </symbol>
      <symbol id="sm-785">
         <name>xTaskGetTickCount</name>
         <value>0x11838</value>
         <object_component_ref idref="oc-79d"/>
      </symbol>
      <symbol id="sm-786">
         <name>pxCurrentTCB</name>
         <value>0x40cc</value>
         <object_component_ref idref="oc-579"/>
      </symbol>
      <symbol id="sm-787">
         <name>vTaskPlaceOnEventListRestricted</name>
         <value>0x11618</value>
         <object_component_ref idref="oc-7a9"/>
      </symbol>
      <symbol id="sm-788">
         <name>vTaskSetTimeOutState</name>
         <value>0x118d4</value>
         <object_component_ref idref="oc-7dd"/>
      </symbol>
      <symbol id="sm-789">
         <name>xTaskIncrementTick</name>
         <value>0x10352</value>
         <object_component_ref idref="oc-57c"/>
      </symbol>
      <symbol id="sm-78a">
         <name>vTaskSwitchContext</name>
         <value>0x10ebc</value>
         <object_component_ref idref="oc-582"/>
      </symbol>
      <symbol id="sm-78b">
         <name>xTaskGetSchedulerState</name>
         <value>0x11920</value>
         <object_component_ref idref="oc-7b8"/>
      </symbol>
      <symbol id="sm-78c">
         <name>xTaskRemoveFromEventList</name>
         <value>0x10ce2</value>
         <object_component_ref idref="oc-7f5"/>
      </symbol>
      <symbol id="sm-834">
         <name>xTimerCreateTimerTask</name>
         <value>0x113d2</value>
         <object_component_ref idref="oc-63d"/>
      </symbol>
      <symbol id="sm-835">
         <name>xTimerGenericCommand</name>
         <value>0x10dd8</value>
         <object_component_ref idref="oc-782"/>
      </symbol>
      <symbol id="sm-856">
         <name>uart_tx</name>
         <value>0x11908</value>
         <object_component_ref idref="oc-60d"/>
      </symbol>
      <symbol id="sm-857">
         <name>uart_setup</name>
         <value>0x11962</value>
         <object_component_ref idref="oc-5dc"/>
      </symbol>
      <symbol id="sm-858">
         <name>uart_set_baudrate</name>
         <value>0x111e4</value>
         <object_component_ref idref="oc-679"/>
      </symbol>
      <symbol id="sm-881">
         <name>GPIO_setAsOutputPin</name>
         <value>0x11704</value>
         <object_component_ref idref="oc-5ca"/>
      </symbol>
      <symbol id="sm-882">
         <name>GPIO_setOutputLowOnPin</name>
         <value>0x1189c</value>
         <object_component_ref idref="oc-5d0"/>
      </symbol>
      <symbol id="sm-8a3">
         <name>WDT_A_hold</name>
         <value>0x1185c</value>
         <object_component_ref idref="oc-5be"/>
      </symbol>
      <symbol id="sm-8ab">
         <name>_stack</name>
         <value>0x6360</value>
         <object_component_ref idref="oc-496"/>
      </symbol>
      <symbol id="sm-8ac">
         <name>_reset_vector</name>
         <value>0xfffe</value>
         <object_component_ref idref="oc-499"/>
      </symbol>
      <symbol id="sm-8b6">
         <name>_c_int00_noargs_noexit</name>
         <value>0x8000</value>
         <object_component_ref idref="oc-b8"/>
      </symbol>
      <symbol id="sm-8cc">
         <name>__TI_decompress_none</name>
         <value>0x11976</value>
         <object_component_ref idref="oc-72"/>
      </symbol>
      <symbol id="sm-8ee">
         <name>__TI_decompress_rle24</name>
         <value>0x119b2</value>
         <object_component_ref idref="oc-78"/>
      </symbol>
      <symbol id="sm-8fd">
         <name>C$$EXIT</name>
         <value>0x119ac</value>
         <object_component_ref idref="oc-4ee"/>
      </symbol>
      <symbol id="sm-8fe">
         <name>abort</name>
         <value>0x119ac</value>
         <object_component_ref idref="oc-4ee"/>
      </symbol>
      <symbol id="sm-902">
         <name>__TI_int35</name>
         <value>0xffc6</value>
         <object_component_ref idref="oc-7e"/>
      </symbol>
      <symbol id="sm-905">
         <name>__TI_int36</name>
         <value>0xffc8</value>
         <object_component_ref idref="oc-7f"/>
      </symbol>
      <symbol id="sm-908">
         <name>__TI_int37</name>
         <value>0xffca</value>
         <object_component_ref idref="oc-80"/>
      </symbol>
      <symbol id="sm-90b">
         <name>__TI_int38</name>
         <value>0xffcc</value>
         <object_component_ref idref="oc-81"/>
      </symbol>
      <symbol id="sm-90e">
         <name>__TI_int39</name>
         <value>0xffce</value>
         <object_component_ref idref="oc-82"/>
      </symbol>
      <symbol id="sm-911">
         <name>__TI_int40</name>
         <value>0xffd0</value>
         <object_component_ref idref="oc-83"/>
      </symbol>
      <symbol id="sm-914">
         <name>__TI_int41</name>
         <value>0xffd2</value>
         <object_component_ref idref="oc-84"/>
      </symbol>
      <symbol id="sm-917">
         <name>__TI_int42</name>
         <value>0xffd4</value>
         <object_component_ref idref="oc-85"/>
      </symbol>
      <symbol id="sm-91a">
         <name>__TI_int43</name>
         <value>0xffd6</value>
         <object_component_ref idref="oc-86"/>
      </symbol>
      <symbol id="sm-91d">
         <name>__TI_int44</name>
         <value>0xffd8</value>
         <object_component_ref idref="oc-87"/>
      </symbol>
      <symbol id="sm-920">
         <name>__TI_int45</name>
         <value>0xffda</value>
         <object_component_ref idref="oc-88"/>
      </symbol>
      <symbol id="sm-923">
         <name>__TI_int46</name>
         <value>0xffdc</value>
         <object_component_ref idref="oc-89"/>
      </symbol>
      <symbol id="sm-926">
         <name>__TI_int47</name>
         <value>0xffde</value>
         <object_component_ref idref="oc-8a"/>
      </symbol>
      <symbol id="sm-929">
         <name>__TI_int48</name>
         <value>0xffe0</value>
         <object_component_ref idref="oc-8b"/>
      </symbol>
      <symbol id="sm-92c">
         <name>__TI_int49</name>
         <value>0xffe2</value>
         <object_component_ref idref="oc-8c"/>
      </symbol>
      <symbol id="sm-92f">
         <name>__TI_int50</name>
         <value>0xffe4</value>
         <object_component_ref idref="oc-8d"/>
      </symbol>
      <symbol id="sm-932">
         <name>__TI_int51</name>
         <value>0xffe6</value>
         <object_component_ref idref="oc-8e"/>
      </symbol>
      <symbol id="sm-935">
         <name>__TI_int52</name>
         <value>0xffe8</value>
         <object_component_ref idref="oc-8f"/>
      </symbol>
      <symbol id="sm-938">
         <name>__TI_int54</name>
         <value>0xffec</value>
         <object_component_ref idref="oc-91"/>
      </symbol>
      <symbol id="sm-93b">
         <name>__TI_int55</name>
         <value>0xffee</value>
         <object_component_ref idref="oc-92"/>
      </symbol>
      <symbol id="sm-93e">
         <name>__TI_int56</name>
         <value>0xfff0</value>
         <object_component_ref idref="oc-93"/>
      </symbol>
      <symbol id="sm-941">
         <name>__TI_int57</name>
         <value>0xfff2</value>
         <object_component_ref idref="oc-94"/>
      </symbol>
      <symbol id="sm-944">
         <name>__TI_int58</name>
         <value>0xfff4</value>
         <object_component_ref idref="oc-95"/>
      </symbol>
      <symbol id="sm-947">
         <name>__TI_int59</name>
         <value>0xfff6</value>
         <object_component_ref idref="oc-96"/>
      </symbol>
      <symbol id="sm-94a">
         <name>__TI_int60</name>
         <value>0xfff8</value>
         <object_component_ref idref="oc-97"/>
      </symbol>
      <symbol id="sm-94d">
         <name>__TI_int61</name>
         <value>0xfffa</value>
         <object_component_ref idref="oc-98"/>
      </symbol>
      <symbol id="sm-950">
         <name>__TI_int62</name>
         <value>0xfffc</value>
         <object_component_ref idref="oc-99"/>
      </symbol>
      <symbol id="sm-958">
         <name>__TI_ISR_TRAP</name>
         <value>0x802a</value>
         <object_component_ref idref="oc-4b4"/>
      </symbol>
      <symbol id="sm-96d">
         <name>memcpy</name>
         <value>0x1194e</value>
         <object_component_ref idref="oc-49a"/>
      </symbol>
      <symbol id="sm-978">
         <name>__mspabi_mpyi_f5hw</name>
         <value>0x118f0</value>
         <object_component_ref idref="oc-58f"/>
      </symbol>
      <symbol id="sm-985">
         <name>_system_pre_init</name>
         <value>0x119c4</value>
         <object_component_ref idref="oc-4c6"/>
      </symbol>
      <symbol id="sm-9a9">
         <name>_auto_init_hold_wdt</name>
         <value>0x10a5e</value>
         <object_component_ref idref="oc-4cc"/>
      </symbol>
      <symbol id="sm-9bf">
         <name>copy_in</name>
         <value>0x11066</value>
         <object_component_ref idref="oc-51c"/>
      </symbol>
      <symbol id="sm-9c8">
         <name>_system_post_cinit</name>
         <value>0x119c8</value>
         <object_component_ref idref="oc-522"/>
      </symbol>
      <symbol id="sm-9ca">
         <name>__TI_BINIT_Base</name>
         <value>0x0</value>
      </symbol>
      <symbol id="sm-9cb">
         <name>__TI_BINIT_Limit</name>
         <value>0x0</value>
      </symbol>
      <symbol id="sm-9cc">
         <name>__TI_INITARRAY_Base</name>
         <value>0x0</value>
      </symbol>
      <symbol id="sm-9cd">
         <name>__TI_INITARRAY_Limit</name>
         <value>0x0</value>
      </symbol>
   </symbol_table>
   <title>Link successful</title>
</link_info>
