******************************************************************************
                  MSP430 Linker PC v4.4.5                      
******************************************************************************
>> Linked Fri Jun 03 19:12:28 2016

OUTPUT FILE NAME:   <UG_main.out>
ENTRY POINT SYMBOL: "_c_int00_noargs_noexit"  address: 000019ae


MEMORY CONFIGURATION

         name            origin    length      used     unused   attr    fill
----------------------  --------  ---------  --------  --------  ----  --------
  SFR                   00000000   00000010  00000000  00000010  RWIX
  PERIPHERALS_8BIT      00000010   000000f0  00000000  000000f0  RWIX
  PERIPHERALS_16BIT     00000100   00000100  00000000  00000100  RWIX
  RAM                   00000200   00000800  00000090  00000770  RWIX
  INFOD                 00001000   00000040  00000000  00000040  RWIX
  INFOC                 00001040   00000040  00000000  00000040  RWIX
  INFOB                 00001080   00000040  00000000  00000040  RWIX
  INFOA                 000010c0   00000040  00000000  00000040  RWIX
  FLASH                 00001100   0000eec0  00000998  0000e528  RWIX
  INT00                 0000ffc0   00000002  00000002  00000000  RWIX
  INT01                 0000ffc2   00000002  00000002  00000000  RWIX
  INT02                 0000ffc4   00000002  00000002  00000000  RWIX
  INT03                 0000ffc6   00000002  00000002  00000000  RWIX
  INT04                 0000ffc8   00000002  00000002  00000000  RWIX
  INT05                 0000ffca   00000002  00000002  00000000  RWIX
  INT06                 0000ffcc   00000002  00000002  00000000  RWIX
  INT07                 0000ffce   00000002  00000002  00000000  RWIX
  INT08                 0000ffd0   00000002  00000002  00000000  RWIX
  INT09                 0000ffd2   00000002  00000002  00000000  RWIX
  INT10                 0000ffd4   00000002  00000002  00000000  RWIX
  INT11                 0000ffd6   00000002  00000002  00000000  RWIX
  INT12                 0000ffd8   00000002  00000002  00000000  RWIX
  INT13                 0000ffda   00000002  00000002  00000000  RWIX
  INT14                 0000ffdc   00000002  00000002  00000000  RWIX
  BSLSIGNATURE          0000ffde   00000002  00000002  00000000  RWIX  ffff 
  INT16                 0000ffe0   00000002  00000002  00000000  RWIX
  INT17                 0000ffe2   00000002  00000002  00000000  RWIX
  INT18                 0000ffe4   00000002  00000002  00000000  RWIX
  INT19                 0000ffe6   00000002  00000002  00000000  RWIX
  INT20                 0000ffe8   00000002  00000002  00000000  RWIX
  INT21                 0000ffea   00000002  00000002  00000000  RWIX
  INT22                 0000ffec   00000002  00000002  00000000  RWIX
  INT23                 0000ffee   00000002  00000002  00000000  RWIX
  INT24                 0000fff0   00000002  00000002  00000000  RWIX
  INT25                 0000fff2   00000002  00000002  00000000  RWIX
  INT26                 0000fff4   00000002  00000002  00000000  RWIX
  INT27                 0000fff6   00000002  00000002  00000000  RWIX
  INT28                 0000fff8   00000002  00000002  00000000  RWIX
  INT29                 0000fffa   00000002  00000002  00000000  RWIX
  INT30                 0000fffc   00000002  00000002  00000000  RWIX
  RESET                 0000fffe   00000002  00000002  00000000  RWIX


SECTION ALLOCATION MAP

 output                                  attributes/
section   page    origin      length       input sections
--------  ----  ----------  ----------   ----------------
.data      0    00000200    0000003a     UNINITIALIZED
                  00000200    0000001c     eps_onewire_test.obj (.data)
                  0000021c    00000017     eps_i2c.obj (.data:EPSData)
                  00000233    00000001     --HOLE--
                  00000234    00000004     eps_timer_test.obj (.data)
                  00000238    00000002     eps_i2c.obj (.data)

.bss       0    0000023a    00000006     UNINITIALIZED
                  0000023a    00000002     (.common:PTxData)
                  0000023c    00000002     (.common:RG_Protection)
                  0000023e    00000002     (.common:TXByteCtr)

.stack     0    000009b0    00000050     UNINITIALIZED
                  000009b0    00000002     rts430_eabi.lib : boot.obj (.stack)
                  000009b2    0000004e     --HOLE--

.text      0    00001100    0000097a     
                  00001100    0000033a     eps_onewire_test.obj (.text:measurement_data_DS2784)
                  0000143a    0000014a     eps_onewire_test.obj (.text:config_DS2784)
                  00001584    000000a6     eps_timer_test.obj (.text:make_frame)
                  0000162a    00000070     eps_i2c.obj (.text:USCIAB0TX_ISR)
                  0000169a    00000064     rts430_eabi.lib : copy_decompress_rle.obj (.text:__TI_decompress_rle_core)
                  000016fe    0000005a     main.obj (.text:config_MSP430)
                  00001758    00000058     rts430_eabi.lib : autoinit.obj (.text:_auto_init)
                  000017b0    00000054     eps_onewire_test.obj (.text:OneWireWrite)
                  00001804    0000004c     rts430_eabi.lib : lsr16.obj (.text)
                  00001850    0000004a     eps_onewire_test.obj (.text:OneWireReset)
                  0000189a    0000003e     eps_timer_test.obj (.text:Timer_A)
                  000018d8    0000003a     eps_onewire_test.obj (.text:OneWireReadBit)
                  00001912    00000022     eps_serial.obj (.text:config_MSP430_UART)
                  00001934    00000020     eps_onewire_test.obj (.text:OWReadByte)
                  00001954    00000020     watchdog.obj (.text:wdt_reset_counter)
                  00001974    0000001e     eps_onewire_test.obj (.text:inp)
                  00001992    0000001c     eps_onewire_test.obj (.text:OWWriteByte)
                  000019ae    0000001a     rts430_eabi.lib : boot_special.obj (.text:_c_int00_noargs_noexit)
                  000019c8    0000001a     eps_onewire_test.obj (.text:outp)
                  000019e2    0000001a     watchdog.obj (.text:watchdog_setup)
                  000019fc    00000018     main.obj (.text:main)
                  00001a14    00000014     rts430_eabi.lib : copy_zero_init.obj (.text:decompress:ZI:__TI_zero_init)
                  00001a28    00000012                     : copy_decompress_none.obj (.text:decompress:none:__TI_decompress_none)
                  00001a3a    00000012                     : memcpy.obj (.text:memcpy)
                  00001a4c    00000010                     : epilog.obj (.text)
                  00001a5c    00000008     watchdog.obj (.text:watchdog_timer)
                  00001a64    00000006     rts430_eabi.lib : isr_trap.obj (.text:_isr:__TI_ISR_TRAP)
                  00001a6a    00000006                     : copy_decompress_rle.obj (.text:decompress:rle24:__TI_decompress_rle24)
                  00001a70    00000004                     : pre_init.obj (.text:_system_pre_init)
                  00001a74    00000004                     : exit.obj (.text:abort)
                  00001a78    00000002     eps_timer_test.obj (.text:Timer_B)

.cinit     0    00001a7a    0000001e     
                  00001a7a    0000000b     (.cinit..data.load) [load image, compression = rle]
                  00001a85    00000001     --HOLE-- [fill = 0]
                  00001a86    00000006     (__TI_handler_table)
                  00001a8c    00000004     (.cinit..bss.load) [load image, compression = zero_init]
                  00001a90    00000008     (__TI_cinit_table)

.init_array 
*          0    00001100    00000000     UNINITIALIZED

.TI.persistent 
*          0    00000200    00000000     UNINITIALIZED

RESERVED0 
*          0    0000ffc0    00000002     
                  0000ffc0    00000002     rts430_eabi.lib : int00.obj (.int00)

RESERVED1 
*          0    0000ffc2    00000002     
                  0000ffc2    00000002     rts430_eabi.lib : int01.obj (.int01)

RESERVED2 
*          0    0000ffc4    00000002     
                  0000ffc4    00000002     rts430_eabi.lib : int02.obj (.int02)

RESERVED3 
*          0    0000ffc6    00000002     
                  0000ffc6    00000002     rts430_eabi.lib : int03.obj (.int03)

RESERVED4 
*          0    0000ffc8    00000002     
                  0000ffc8    00000002     rts430_eabi.lib : int04.obj (.int04)

RESERVED5 
*          0    0000ffca    00000002     
                  0000ffca    00000002     rts430_eabi.lib : int05.obj (.int05)

RESERVED6 
*          0    0000ffcc    00000002     
                  0000ffcc    00000002     rts430_eabi.lib : int06.obj (.int06)

RESERVED7 
*          0    0000ffce    00000002     
                  0000ffce    00000002     rts430_eabi.lib : int07.obj (.int07)

RESERVED8 
*          0    0000ffd0    00000002     
                  0000ffd0    00000002     rts430_eabi.lib : int08.obj (.int08)

RESERVED9 
*          0    0000ffd2    00000002     
                  0000ffd2    00000002     rts430_eabi.lib : int09.obj (.int09)

RESERVED10 
*          0    0000ffd4    00000002     
                  0000ffd4    00000002     rts430_eabi.lib : int10.obj (.int10)

RESERVED11 
*          0    0000ffd6    00000002     
                  0000ffd6    00000002     rts430_eabi.lib : int11.obj (.int11)

RESERVED12 
*          0    0000ffd8    00000002     
                  0000ffd8    00000002     rts430_eabi.lib : int12.obj (.int12)

RESERVED13 
*          0    0000ffda    00000002     
                  0000ffda    00000002     rts430_eabi.lib : int13.obj (.int13)

RESERVED14 
*          0    0000ffdc    00000002     
                  0000ffdc    00000002     rts430_eabi.lib : int14.obj (.int14)

$fill000   0    0000ffde    00000002     
                  0000ffde    00000002     --HOLE-- [fill = ffff]

USCIAB1TX 
*          0    0000ffe0    00000002     
                  0000ffe0    00000002     rts430_eabi.lib : int16.obj (.int16)

USCIAB1RX 
*          0    0000ffe2    00000002     
                  0000ffe2    00000002     rts430_eabi.lib : int17.obj (.int17)

PORT1      0    0000ffe4    00000002     
                  0000ffe4    00000002     rts430_eabi.lib : int18.obj (.int18)

PORT2      0    0000ffe6    00000002     
                  0000ffe6    00000002     rts430_eabi.lib : int19.obj (.int19)

RESERVED20 
*          0    0000ffe8    00000002     
                  0000ffe8    00000002     rts430_eabi.lib : int20.obj (.int20)

ADC12      0    0000ffea    00000002     
                  0000ffea    00000002     rts430_eabi.lib : int21.obj (.int21)

USCIAB0TX 
*          0    0000ffec    00000002     
                  0000ffec    00000002     eps_i2c.obj (.int22)

USCIAB0RX 
*          0    0000ffee    00000002     
                  0000ffee    00000002     rts430_eabi.lib : int23.obj (.int23)

TIMERA1    0    0000fff0    00000002     
                  0000fff0    00000002     rts430_eabi.lib : int24.obj (.int24)

TIMERA0    0    0000fff2    00000002     
                  0000fff2    00000002     eps_timer_test.obj (.int25)

WDT        0    0000fff4    00000002     
                  0000fff4    00000002     watchdog.obj (.int26)

COMPARATORA 
*          0    0000fff6    00000002     
                  0000fff6    00000002     rts430_eabi.lib : int27.obj (.int27)

TIMERB1    0    0000fff8    00000002     
                  0000fff8    00000002     rts430_eabi.lib : int28.obj (.int28)

TIMERB0    0    0000fffa    00000002     
                  0000fffa    00000002     eps_timer_test.obj (.int29)

NMI        0    0000fffc    00000002     
                  0000fffc    00000002     rts430_eabi.lib : int30.obj (.int30)

.reset     0    0000fffe    00000002     
                  0000fffe    00000002     rts430_eabi.lib : boot.obj (.reset)


LINKER GENERATED COPY TABLES

__TI_cinit_table @ 00001a90 records: 2, size/record: 4, table size: 8
	.data: load addr=00001a7a, load size=0000000b bytes, run addr=00000200, run size=0000003a bytes, compression=rle
	.bss: load addr=00001a8c, load size=00000004 bytes, run addr=0000023a, run size=00000006 bytes, compression=zero_init


LINKER GENERATED HANDLER TABLE

__TI_handler_table @ 00001a86 records: 3, size/record: 2, table size: 6
	index: 0, handler: __TI_zero_init
	index: 1, handler: __TI_decompress_rle24
	index: 2, handler: __TI_decompress_none


GLOBAL SYMBOLS: SORTED ALPHABETICALLY BY Name 

address   name                    
-------   ----                    
000001a0  ADC12CTL0               
000001a2  ADC12CTL1               
000001a6  ADC12IE                 
000001a4  ADC12IFG                
000001a8  ADC12IV                 
00000080  ADC12MCTL0              
00000081  ADC12MCTL1              
0000008a  ADC12MCTL10             
0000008b  ADC12MCTL11             
0000008c  ADC12MCTL12             
0000008d  ADC12MCTL13             
0000008e  ADC12MCTL14             
0000008f  ADC12MCTL15             
00000082  ADC12MCTL2              
00000083  ADC12MCTL3              
00000084  ADC12MCTL4              
00000085  ADC12MCTL5              
00000086  ADC12MCTL6              
00000087  ADC12MCTL7              
00000088  ADC12MCTL8              
00000089  ADC12MCTL9              
00000140  ADC12MEM0               
00000142  ADC12MEM1               
00000154  ADC12MEM10              
00000156  ADC12MEM11              
00000158  ADC12MEM12              
0000015a  ADC12MEM13              
0000015c  ADC12MEM14              
0000015e  ADC12MEM15              
00000144  ADC12MEM2               
00000146  ADC12MEM3               
00000148  ADC12MEM4               
0000014a  ADC12MEM5               
0000014c  ADC12MEM6               
0000014e  ADC12MEM7               
00000150  ADC12MEM8               
00000152  ADC12MEM9               
00000057  BCSCTL1                 
00000058  BCSCTL2                 
00000053  BCSCTL3                 
00001a74  C$$EXIT                 
00000059  CACTL1                  
0000005a  CACTL2                  
000010fb  CALBC1_12MHZ            
000010f9  CALBC1_16MHZ            
000010ff  CALBC1_1MHZ             
000010fd  CALBC1_8MHZ             
000010fa  CALDCO_12MHZ            
000010f8  CALDCO_16MHZ            
000010fe  CALDCO_1MHZ             
000010fc  CALDCO_8MHZ             
0000005b  CAPD                    
00000056  DCOCTL                  
0000021c  EPSData                 
00000128  FCTL1                   
0000012a  FCTL2                   
0000012c  FCTL3                   
000001be  FCTL4                   
00000000  IE1                     
00000001  IE2                     
00000002  IFG1                    
00000003  IFG2                    
00000134  MAC                     
00000136  MACS                    
00000130  MPY                     
00000132  MPYS                    
00000138  OP2                     
00001934  OWReadByte              
00001992  OWWriteByte             
000018d8  OneWireReadBit          
00001850  OneWireReset            
000017b0  OneWireWrite            
00000022  P1DIR                   
00000025  P1IE                    
00000024  P1IES                   
00000023  P1IFG                   
00000020  P1IN                    
00000021  P1OUT                   
00000027  P1REN                   
00000026  P1SEL                   
0000002a  P2DIR                   
0000002d  P2IE                    
0000002c  P2IES                   
0000002b  P2IFG                   
00000028  P2IN                    
00000029  P2OUT                   
0000002f  P2REN                   
0000002e  P2SEL                   
0000001a  P3DIR                   
00000018  P3IN                    
00000019  P3OUT                   
00000010  P3REN                   
0000001b  P3SEL                   
0000001e  P4DIR                   
0000001c  P4IN                    
0000001d  P4OUT                   
00000011  P4REN                   
0000001f  P4SEL                   
00000032  P5DIR                   
00000030  P5IN                    
00000031  P5OUT                   
00000012  P5REN                   
00000033  P5SEL                   
00000036  P6DIR                   
00000034  P6IN                    
00000035  P6OUT                   
00000013  P6REN                   
00000037  P6SEL                   
0000023a  PTxData                 
0000013c  RESHI                   
0000013a  RESLO                   
0000023c  RG_Protection           
0000013e  SUMEXT                  
00000055  SVSCTL                  
00000172  TACCR0                  
00000174  TACCR1                  
00000176  TACCR2                  
00000162  TACCTL0                 
00000164  TACCTL1                 
00000166  TACCTL2                 
00000160  TACTL                   
0000012e  TAIV                    
00000170  TAR                     
00000192  TBCCR0                  
00000194  TBCCR1                  
00000196  TBCCR2                  
00000198  TBCCR3                  
0000019a  TBCCR4                  
0000019c  TBCCR5                  
0000019e  TBCCR6                  
00000182  TBCCTL0                 
00000184  TBCCTL1                 
00000186  TBCCTL2                 
00000188  TBCCTL3                 
0000018a  TBCCTL4                 
0000018c  TBCCTL5                 
0000018e  TBCCTL6                 
00000180  TBCTL                   
0000011e  TBIV                    
00000190  TBR                     
000010db  TLV_ADC12_1_LEN         
000010da  TLV_ADC12_1_TAG         
000010c0  TLV_CHECKSUM            
000010f7  TLV_DCO_30_LEN          
000010f6  TLV_DCO_30_TAG          
0000023e  TXByteCtr               
0000189a  Timer_A                 
00001a78  Timer_B                 
00000006  UC1IE                   
00000007  UC1IFG                  
0000005d  UCA0ABCTL               
00000062  UCA0BR0                 
00000063  UCA0BR1                 
00000060  UCA0CTL0                
00000061  UCA0CTL1                
0000005f  UCA0IRRCTL              
0000005e  UCA0IRTCTL              
00000064  UCA0MCTL                
00000066  UCA0RXBUF               
00000065  UCA0STAT                
00000067  UCA0TXBUF               
000000cd  UCA1ABCTL               
000000d2  UCA1BR0                 
000000d3  UCA1BR1                 
000000d0  UCA1CTL0                
000000d1  UCA1CTL1                
000000cf  UCA1IRRCTL              
000000ce  UCA1IRTCTL              
000000d4  UCA1MCTL                
000000d6  UCA1RXBUF               
000000d5  UCA1STAT                
000000d7  UCA1TXBUF               
0000006a  UCB0BR0                 
0000006b  UCB0BR1                 
00000068  UCB0CTL0                
00000069  UCB0CTL1                
0000006c  UCB0I2CIE               
00000118  UCB0I2COA               
0000011a  UCB0I2CSA               
0000006e  UCB0RXBUF               
0000006d  UCB0STAT                
0000006f  UCB0TXBUF               
000000da  UCB1BR0                 
000000db  UCB1BR1                 
000000d8  UCB1CTL0                
000000d9  UCB1CTL1                
000000dc  UCB1I2CIE               
0000017c  UCB1I2COA               
0000017e  UCB1I2CSA               
000000de  UCB1RXBUF               
000000dd  UCB1STAT                
000000df  UCB1TXBUF               
0000162a  USCIAB0TX_ISR           
00000120  WDTCTL                  
00000a00  __STACK_END             
00000050  __STACK_SIZE            
00001a90  __TI_CINIT_Base         
00001a98  __TI_CINIT_Limit        
00001a86  __TI_Handler_Table_Base 
00001a8c  __TI_Handler_Table_Limit
UNDEFED   __TI_INITARRAY_Base     
UNDEFED   __TI_INITARRAY_Limit    
00001a64  __TI_ISR_TRAP           
00001a28  __TI_decompress_none    
00001a6a  __TI_decompress_rle24   
0000ffc0  __TI_int00              
0000ffc2  __TI_int01              
0000ffc4  __TI_int02              
0000ffc6  __TI_int03              
0000ffc8  __TI_int04              
0000ffca  __TI_int05              
0000ffcc  __TI_int06              
0000ffce  __TI_int07              
0000ffd0  __TI_int08              
0000ffd2  __TI_int09              
0000ffd4  __TI_int10              
0000ffd6  __TI_int11              
0000ffd8  __TI_int12              
0000ffda  __TI_int13              
0000ffdc  __TI_int14              
0000ffe0  __TI_int16              
0000ffe2  __TI_int17              
0000ffe4  __TI_int18              
0000ffe6  __TI_int19              
0000ffe8  __TI_int20              
0000ffea  __TI_int21              
0000ffec  __TI_int22              
0000ffee  __TI_int23              
0000fff0  __TI_int24              
0000fff2  __TI_int25              
0000fff4  __TI_int26              
0000fff6  __TI_int27              
0000fff8  __TI_int28              
0000fffa  __TI_int29              
0000fffc  __TI_int30              
00001a14  __TI_zero_init          
ffffffff  __binit__               
ffffffff  __c_args__              
00001a58  __mspabi_func_epilog_1  
00001a56  __mspabi_func_epilog_2  
00001a54  __mspabi_func_epilog_3  
00001a52  __mspabi_func_epilog_4  
00001a50  __mspabi_func_epilog_5  
00001a4e  __mspabi_func_epilog_6  
00001a4c  __mspabi_func_epilog_7  
00001804  __mspabi_srli           
0000184a  __mspabi_srli_1         
00001826  __mspabi_srli_10        
00001822  __mspabi_srli_11        
0000181e  __mspabi_srli_12        
0000181a  __mspabi_srli_13        
00001816  __mspabi_srli_14        
00001812  __mspabi_srli_15        
00001846  __mspabi_srli_2         
00001842  __mspabi_srli_3         
0000183e  __mspabi_srli_4         
0000183a  __mspabi_srli_5         
00001836  __mspabi_srli_6         
00001832  __mspabi_srli_7         
0000182e  __mspabi_srli_8         
0000182a  __mspabi_srli_9         
00001758  _auto_init              
000019ae  _c_int00_noargs_noexit  
0000fffe  _reset_vector           
000009b0  _stack                  
00001a70  _system_pre_init        
00001a74  abort                   
00000216  acr_lsb                 
00000214  acr_msb                 
00000202  avc_lsb                 
00000200  avc_msb                 
ffffffff  binit                   
0000143a  config_DS2784           
000016fe  config_MSP430           
00001912  config_MSP430_UART      
00000234  cont                    
00000236  contb                   
0000021a  count                   
00000212  cr_lsb                  
00000210  cr_msb                  
00001974  inp                     
000019fc  main                    
00001584  make_frame              
00001100  measurement_data_DS2784 
00001a3a  memcpy                  
000019c8  outp                    
00000219  protection_register_lsb 
00000218  protection_register_msb 
00000238  time                    
0000020e  tr_lsb                  
0000020c  tr_msb                  
00000206  vr_lsb1                 
0000020a  vr_lsb2                 
00000204  vr_msb1                 
00000208  vr_msb2                 
000019e2  watchdog_setup          
00001a5c  watchdog_timer          
00001954  wdt_reset_counter       


GLOBAL SYMBOLS: SORTED BY Symbol Address 

address   name                    
-------   ----                    
00000000  IE1                     
00000001  IE2                     
00000002  IFG1                    
00000003  IFG2                    
00000006  UC1IE                   
00000007  UC1IFG                  
00000010  P3REN                   
00000011  P4REN                   
00000012  P5REN                   
00000013  P6REN                   
00000018  P3IN                    
00000019  P3OUT                   
0000001a  P3DIR                   
0000001b  P3SEL                   
0000001c  P4IN                    
0000001d  P4OUT                   
0000001e  P4DIR                   
0000001f  P4SEL                   
00000020  P1IN                    
00000021  P1OUT                   
00000022  P1DIR                   
00000023  P1IFG                   
00000024  P1IES                   
00000025  P1IE                    
00000026  P1SEL                   
00000027  P1REN                   
00000028  P2IN                    
00000029  P2OUT                   
0000002a  P2DIR                   
0000002b  P2IFG                   
0000002c  P2IES                   
0000002d  P2IE                    
0000002e  P2SEL                   
0000002f  P2REN                   
00000030  P5IN                    
00000031  P5OUT                   
00000032  P5DIR                   
00000033  P5SEL                   
00000034  P6IN                    
00000035  P6OUT                   
00000036  P6DIR                   
00000037  P6SEL                   
00000050  __STACK_SIZE            
00000053  BCSCTL3                 
00000055  SVSCTL                  
00000056  DCOCTL                  
00000057  BCSCTL1                 
00000058  BCSCTL2                 
00000059  CACTL1                  
0000005a  CACTL2                  
0000005b  CAPD                    
0000005d  UCA0ABCTL               
0000005e  UCA0IRTCTL              
0000005f  UCA0IRRCTL              
00000060  UCA0CTL0                
00000061  UCA0CTL1                
00000062  UCA0BR0                 
00000063  UCA0BR1                 
00000064  UCA0MCTL                
00000065  UCA0STAT                
00000066  UCA0RXBUF               
00000067  UCA0TXBUF               
00000068  UCB0CTL0                
00000069  UCB0CTL1                
0000006a  UCB0BR0                 
0000006b  UCB0BR1                 
0000006c  UCB0I2CIE               
0000006d  UCB0STAT                
0000006e  UCB0RXBUF               
0000006f  UCB0TXBUF               
00000080  ADC12MCTL0              
00000081  ADC12MCTL1              
00000082  ADC12MCTL2              
00000083  ADC12MCTL3              
00000084  ADC12MCTL4              
00000085  ADC12MCTL5              
00000086  ADC12MCTL6              
00000087  ADC12MCTL7              
00000088  ADC12MCTL8              
00000089  ADC12MCTL9              
0000008a  ADC12MCTL10             
0000008b  ADC12MCTL11             
0000008c  ADC12MCTL12             
0000008d  ADC12MCTL13             
0000008e  ADC12MCTL14             
0000008f  ADC12MCTL15             
000000cd  UCA1ABCTL               
000000ce  UCA1IRTCTL              
000000cf  UCA1IRRCTL              
000000d0  UCA1CTL0                
000000d1  UCA1CTL1                
000000d2  UCA1BR0                 
000000d3  UCA1BR1                 
000000d4  UCA1MCTL                
000000d5  UCA1STAT                
000000d6  UCA1RXBUF               
000000d7  UCA1TXBUF               
000000d8  UCB1CTL0                
000000d9  UCB1CTL1                
000000da  UCB1BR0                 
000000db  UCB1BR1                 
000000dc  UCB1I2CIE               
000000dd  UCB1STAT                
000000de  UCB1RXBUF               
000000df  UCB1TXBUF               
00000118  UCB0I2COA               
0000011a  UCB0I2CSA               
0000011e  TBIV                    
00000120  WDTCTL                  
00000128  FCTL1                   
0000012a  FCTL2                   
0000012c  FCTL3                   
0000012e  TAIV                    
00000130  MPY                     
00000132  MPYS                    
00000134  MAC                     
00000136  MACS                    
00000138  OP2                     
0000013a  RESLO                   
0000013c  RESHI                   
0000013e  SUMEXT                  
00000140  ADC12MEM0               
00000142  ADC12MEM1               
00000144  ADC12MEM2               
00000146  ADC12MEM3               
00000148  ADC12MEM4               
0000014a  ADC12MEM5               
0000014c  ADC12MEM6               
0000014e  ADC12MEM7               
00000150  ADC12MEM8               
00000152  ADC12MEM9               
00000154  ADC12MEM10              
00000156  ADC12MEM11              
00000158  ADC12MEM12              
0000015a  ADC12MEM13              
0000015c  ADC12MEM14              
0000015e  ADC12MEM15              
00000160  TACTL                   
00000162  TACCTL0                 
00000164  TACCTL1                 
00000166  TACCTL2                 
00000170  TAR                     
00000172  TACCR0                  
00000174  TACCR1                  
00000176  TACCR2                  
0000017c  UCB1I2COA               
0000017e  UCB1I2CSA               
00000180  TBCTL                   
00000182  TBCCTL0                 
00000184  TBCCTL1                 
00000186  TBCCTL2                 
00000188  TBCCTL3                 
0000018a  TBCCTL4                 
0000018c  TBCCTL5                 
0000018e  TBCCTL6                 
00000190  TBR                     
00000192  TBCCR0                  
00000194  TBCCR1                  
00000196  TBCCR2                  
00000198  TBCCR3                  
0000019a  TBCCR4                  
0000019c  TBCCR5                  
0000019e  TBCCR6                  
000001a0  ADC12CTL0               
000001a2  ADC12CTL1               
000001a4  ADC12IFG                
000001a6  ADC12IE                 
000001a8  ADC12IV                 
000001be  FCTL4                   
00000200  avc_msb                 
00000202  avc_lsb                 
00000204  vr_msb1                 
00000206  vr_lsb1                 
00000208  vr_msb2                 
0000020a  vr_lsb2                 
0000020c  tr_msb                  
0000020e  tr_lsb                  
00000210  cr_msb                  
00000212  cr_lsb                  
00000214  acr_msb                 
00000216  acr_lsb                 
00000218  protection_register_msb 
00000219  protection_register_lsb 
0000021a  count                   
0000021c  EPSData                 
00000234  cont                    
00000236  contb                   
00000238  time                    
0000023a  PTxData                 
0000023c  RG_Protection           
0000023e  TXByteCtr               
000009b0  _stack                  
00000a00  __STACK_END             
000010c0  TLV_CHECKSUM            
000010da  TLV_ADC12_1_TAG         
000010db  TLV_ADC12_1_LEN         
000010f6  TLV_DCO_30_TAG          
000010f7  TLV_DCO_30_LEN          
000010f8  CALDCO_16MHZ            
000010f9  CALBC1_16MHZ            
000010fa  CALDCO_12MHZ            
000010fb  CALBC1_12MHZ            
000010fc  CALDCO_8MHZ             
000010fd  CALBC1_8MHZ             
000010fe  CALDCO_1MHZ             
000010ff  CALBC1_1MHZ             
00001100  measurement_data_DS2784 
0000143a  config_DS2784           
00001584  make_frame              
0000162a  USCIAB0TX_ISR           
000016fe  config_MSP430           
00001758  _auto_init              
000017b0  OneWireWrite            
00001804  __mspabi_srli           
00001812  __mspabi_srli_15        
00001816  __mspabi_srli_14        
0000181a  __mspabi_srli_13        
0000181e  __mspabi_srli_12        
00001822  __mspabi_srli_11        
00001826  __mspabi_srli_10        
0000182a  __mspabi_srli_9         
0000182e  __mspabi_srli_8         
00001832  __mspabi_srli_7         
00001836  __mspabi_srli_6         
0000183a  __mspabi_srli_5         
0000183e  __mspabi_srli_4         
00001842  __mspabi_srli_3         
00001846  __mspabi_srli_2         
0000184a  __mspabi_srli_1         
00001850  OneWireReset            
0000189a  Timer_A                 
000018d8  OneWireReadBit          
00001912  config_MSP430_UART      
00001934  OWReadByte              
00001954  wdt_reset_counter       
00001974  inp                     
00001992  OWWriteByte             
000019ae  _c_int00_noargs_noexit  
000019c8  outp                    
000019e2  watchdog_setup          
000019fc  main                    
00001a14  __TI_zero_init          
00001a28  __TI_decompress_none    
00001a3a  memcpy                  
00001a4c  __mspabi_func_epilog_7  
00001a4e  __mspabi_func_epilog_6  
00001a50  __mspabi_func_epilog_5  
00001a52  __mspabi_func_epilog_4  
00001a54  __mspabi_func_epilog_3  
00001a56  __mspabi_func_epilog_2  
00001a58  __mspabi_func_epilog_1  
00001a5c  watchdog_timer          
00001a64  __TI_ISR_TRAP           
00001a6a  __TI_decompress_rle24   
00001a70  _system_pre_init        
00001a74  C$$EXIT                 
00001a74  abort                   
00001a78  Timer_B                 
00001a86  __TI_Handler_Table_Base 
00001a8c  __TI_Handler_Table_Limit
00001a90  __TI_CINIT_Base         
00001a98  __TI_CINIT_Limit        
0000ffc0  __TI_int00              
0000ffc2  __TI_int01              
0000ffc4  __TI_int02              
0000ffc6  __TI_int03              
0000ffc8  __TI_int04              
0000ffca  __TI_int05              
0000ffcc  __TI_int06              
0000ffce  __TI_int07              
0000ffd0  __TI_int08              
0000ffd2  __TI_int09              
0000ffd4  __TI_int10              
0000ffd6  __TI_int11              
0000ffd8  __TI_int12              
0000ffda  __TI_int13              
0000ffdc  __TI_int14              
0000ffe0  __TI_int16              
0000ffe2  __TI_int17              
0000ffe4  __TI_int18              
0000ffe6  __TI_int19              
0000ffe8  __TI_int20              
0000ffea  __TI_int21              
0000ffec  __TI_int22              
0000ffee  __TI_int23              
0000fff0  __TI_int24              
0000fff2  __TI_int25              
0000fff4  __TI_int26              
0000fff6  __TI_int27              
0000fff8  __TI_int28              
0000fffa  __TI_int29              
0000fffc  __TI_int30              
0000fffe  _reset_vector           
ffffffff  __binit__               
ffffffff  __c_args__              
ffffffff  binit                   
UNDEFED   __TI_INITARRAY_Base     
UNDEFED   __TI_INITARRAY_Limit    

[298 symbols]
